I_TELEPORT = 0
I_SPAWN_BARRACK_CHARACTER = 1
R_PLAYER_LOCATION = 2
R_TELEPORT_REPLAY_LOCATION = 3
R_CAMERA_ROTATE = 4
I_GFX_COMMAND = 17
I_GFX_ADMIN_COMMAND = 18
I_INPUT_COMMAND = 19
I_MOVE_KEY = 20
I_SKILL_KEY = 21
I_CLOSE_SERVER_CONNECTION = 22
SA_PING = 5000
AS_PING = 5001
SA_REGISTER = 5002
AS_REGISTER = 5003
SA_ENTER_WORLD = 5004
SA_ENTER_WORLD_FAIL = 5005
AS_ENTER_WORLD = 5006
AS_LOAD_TOPO_FIN = 5007
AS_FORCE_ENTER_DUNGEON_ID = 5008
SA_TRY_TO_LEAVE_WORLD = 5009
AS_LEAVE_WORLD = 5010
SA_LEAVE_WORLD = 5011
SA_SEND_CHAR_LOC = 5012
SA_JOIN_PARTY = 5013
SA_LEAVE_PARTY = 5014
SA_DISMISS_PARTY = 5015
SA_KICK_PARTY = 5016
SA_EXTEND_PARTY = 5017
SA_SWAP_PARTY = 5018
SA_CHANGE_PARTY_MANAGER = 5019
SA_CHANGE_PARTY_MEMBER_AUTHORITY = 5020
SA_CHANGE_LOOTING_METHOD = 5021
AS_DO_CREATE_PARTY = 5022
AS_DO_ADD_PARTY_MEMBER = 5023
AS_DO_REMOVE_PARTY_MEMBER = 5024
AS_DO_DISMISS_PARTY = 5025
AS_DO_EXTEND_PARTY = 5026
AS_DO_SWAP_PARTY = 5027
AS_DO_SET_PARTY_MANAGER = 5028
AS_DO_CHANGE_PARTY_MEMBER_AUTHORITY = 5029
AS_DO_SET_LOOTING_METHOD = 5030
AS_DO_SET_PARTY_OWNER = 5031
AS_ON_DAILY_ATTENDACNE = 5032
SA_ADD_TO_INTER_PARTY_MATCH_POOL = 5033
SA_DEL_FROM_INTER_PARTY_MATCH_POOL = 5034
SA_JOIN_PARTY_IN_ARBITER = 5035
SA_MERGE_PARTY_TO_RAID = 5036
AS_REQUEST_REFRESH_PARTY_INFO = 5037
SA_SEND_PARTY_MEMBER_INTERVAL_POS = 5038
SA_SEND_PARTY_MEMBER_UPDATE_INFO = 5039
SA_QUERY_TO_ARBITER_FOR_BAN_PARTY_MEMBER = 5040
AS_REQUEST_TELEPORT = 5041
AS_QUERY_TO_ARBITER_FOR_BAN_PARTY_MEMBER = 5042
AS_ADMIN_RELOAD_DATASHEET = 5043
AS_ADMIN_SET_DUNGEON_COOLTIME = 5044
AS_USE_STYLE_WAREHOUSE = 5045
AS_PREMIUM_SLOT_INSERT_ITEM = 5046
AS_PREMIUM_SLOT_UPDATE_ITEM = 5047
AS_PREMIUM_SLOT_DELETE_ITEM = 5048
SA_UPDATE_DUNGEON_COOLTIME = 5049
SA_UPDATE_DUNGEON_CLEAR_COUNT = 5050
SA_UPDATE_DUNGEON_UI_HISTORY = 5051
AS_RESET_ALL_DUNGEON = 5052
AS_DISMISS_PARTY = 5053
AS_PARTY_LOOTING_METHOD = 5054
AS_BAN_PARTY_MEMBER = 5055
SA_DELETE_DUNGEON_COOLTIME = 5056
SA_REQUEST_ENTER_DUNGEON = 5057
AS_REQUEST_ENTER_DUNGEON = 5058
SA_RESPONSE_ENTER_DUNGEON = 5059
AS_RESPONSE_ENTER_DUNGEON = 5060
SA_REQUEST_LEAVE_DUNGEON = 5061
AS_REQUEST_LEAVE_DUNGEON = 5062
AS_ADMIN_RESET_DUNGEON_COOLTIME = 5063
SA_ADD_DUNGEON_CHANNEL = 5064
SA_REMOVE_DUNGEON_CHANNEL = 5065
AS_INITIALIZE_DUNGEON_ID = 5066
AS_SETTING_BATTLE_FIELD_MATCHING_STATE = 5067
AS_ADMIN_BATTLE_FIELD_RESULT = 5068
SA_GM_NOTIFY = 5069
SA_ENTER_BATTLE_FIELD = 5070
BSA_EXIT_BATTLE_FIELD = 5071
BSA_SET_ANONYMOUS_NAME = 5072
SA_REQUEST_BATTLE_FIELD_USER_INFO = 5073
ABS_REQUEST_BATTLE_FIELD_USER_INFO = 5074
AS_ACK_BATTLE_FIELD_USER_INFO = 5075
BSA_ACK_BATTLE_FIELD_USER_INFO = 5076
BSA_BATTLE_FIELD_INVITE_USER = 5077
BSA_REQUEST_BATTLE_FIELD_USER_INFO = 5078
BSA_END_BATTLE_FIELD_RESULT_LIST = 5079
BSA_END_BATTLE_FIELD = 5080
BSA_END_BATTLE_FIELD_WITHOUT_PLAY = 5081
BSA_NOTIFY_ABOUT_BATTLE_FIELD_CLEAR = 5082
BSA_REQUEST_ADD_SUPPLEMENTPOOL = 5083
BSA_BATTLE_FIELD_OPEN_INFO = 5084
BSA_CREATE_BATTLE_FIELD_LOG = 5085
ABS_CREATE_BATTLE_FIELD_LOG = 5086
ABS_ACK_BATTLE_FIELD_USER_INFO = 5087
BSA_UPDATE_BATTLE_FIELD_LOG = 5088
SA_MATCH_BATTLE_FIELD_GM_REQUEST = 5089
SA_INSERT_TCAT_ITEM_SALE_INFO = 5090
SA_DELETE_TCAT_ITEM_SALE_INFO = 5091
SA_CALC_BATTLE_FIELD_RANKING_NEXT_TIME = 5092
SA_CALC_BATTLE_FIELD_SEASON_NEXT_TIME = 5093
SA_CREATE_GROUP_DUEL_PARTY = 5094
AS_CREATE_GROUP_DUEL_PARTY = 5095
ADS_ADD_TO_PARTY_MATCH_POOL = 5096
DSA_ADD_TO_PARTY_MATCH_POOL = 5097
DSA_MODIFY_ABOUT_PARTY_MATCH_POOL = 5098
ADS_DEL_FROM_PARTY_MATCH_POOL = 5099
DSA_DEL_FROM_PARTY_MATCH_POOL = 5100
DSA_MOVE_PARTY_MATCH_POOL = 5101
DSA_DEL_FROM_ALL_POOL = 5102
DSA_PRE_PARTY_MAKE = 5103
ADS_PRE_PARTY_MAKE_RESULT = 5104
ADS_DICONNECT_BATTLE_FIELD_SERVER = 5105
DSA_PARTY_MAKE = 5106
ADS_PARTY_MAKE_RESULT = 5107
ADS_PARTY_MAKE_RESULT_FROM_INSTANCE_SERVER = 5108
SA_PARTY_MAKE_RESULT_FROM_INSTANCE_SERVER = 5109
DSA_FIN_PARTY_MAKE = 5110
DSA_ASK_TO_JOIN_PARTY = 5111
ADS_ASK_TO_JOIN_PARTY_RESULT = 5112
DSA_REQUEST_CHANGE_PARTY_MATCH_RULE = 5113
ADS_REQUEST_CHANGE_PARTY_MATCH_RULE = 5114
DSA_START_BATTLEFIELD = 5115
DSA_REQUEST_JOIN_BATTLE_FIELD = 5116
DSA_NOTIFY_ABOUT_DUNGEON_CLEAR = 5117
ADS_NOTIFY_ABOUT_DUNGEON_CLEAR = 5118
DSA_SYSTEM_MESSAGE = 5119
DSA_SYSTEM_MESSAGE_USING_INTER_PARTY_MATCH = 5120
DSA_SYS_PARTY_INFO = 5121
ADS_SYS_PARTY_INFO = 5122
DSA_LOG_FIN_PARTY_MAKE = 5123
AS_NOTIFY_ABOUT_SYS_PARTY_WITHDRAWAL = 5124
AS_BYPASS_FROM_CLIENT = 5125
SA_BYPASS_TO_CLIENT = 5126
SA_BYPASS_TO_GROUP = 5127
AS_LOAD_GUILD = 5128
SA_DUMMY_PACKET = 5129
SA_LOAD_GUILD = 5130
SA_DESTROY_GUILD = 5131
AS_DESTROY_GUILD = 5132
SA_LEAVE_GUILD = 5133
AS_LEAVE_GUILD = 5134
SA_BANISH_GUILD_MEMBER = 5135
AS_BANISH_GUILD_MEMBER = 5136
SA_CHANGE_GUILD_CHIEF = 5137
AS_CHANGE_GUILD_CHIEF = 5138
SA_SET_GUILDGROUP_AUTHORITY = 5139
AS_SET_GUILDGROUP_AUTHORITY = 5140
SA_CREATE_GUILD_GROUP = 5141
AS_CREATE_GUILD_GROUP = 5142
SA_REMOVE_GUILD_GROUP = 5143
AS_REMOVE_GUILD_GROUP = 5144
AS_ADD_GUILDMEMBER = 5145
SA_CHANGE_GUILDGROUP = 5146
AS_CHANGE_GUILDGROUP = 5147
SA_UPDATE_GUILD_MEMBER = 5150
AS_UPDATE_GUILD_MEMBER = 5151
AS_SET_GUILD_RECOMMENDATION_POINT = 5152
AS_UPDATE_GUILD_TITLE = 5153
AS_UPDATE_GUILD_LOGO = 5154
SA_INC_GUILD_ACCOUNT_LIMIT = 5155
SA_PET_LOAD = 5156
AS_PET_LOAD = 5157
SA_PET_CALL = 5158
AS_PET_CALL = 5159
SA_PET_DISMISS = 5160
AS_PET_DISMISS = 5161
SA_PET_ITEM_EQUIP = 5162
AS_PET_ITEM_EQUIP = 5163
SA_PET_ITEM_UNEQUIP = 5164
AS_PET_ITEM_UNEQUIP = 5165
SA_PET_ORB_CHANGE = 5166
AS_PET_ORB_CHANGE = 5167
SA_PET_REPAIR = 5168
AS_PET_REPAIR = 5169
SA_PET_STOP = 5170
AS_PET_STOP_TOPET = 5171
AS_PET_STOP_TOUSER = 5172
SA_PET_DUR = 5173
AS_PET_DUR_TOPET = 5174
AS_PET_DUR_TOUSER = 5175
SA_PET_ALERT = 5176
AS_PET_ALERT = 5177
SA_PET_INCUBATOR_SLOT = 5178
AS_PET_INCUBATOR_SLOT = 5179
SA_PET_INCUBATOR_TAKEALL = 5180
AS_PET_INCUBATOR_TAKEALL = 5181
SA_PET_INCUBATOR_START = 5182
AS_PET_INCUBATOR_START = 5183
SA_PET_INCUBATOR_COMPLETE = 5184
AS_PET_INCUBATOR_COMPLETE = 5185
AS_ARBITER_USER_DELETE = 5186
SA_SET_USERS_POS = 5187
SA_BROADCAST_SYSTEM_MESSAGE_TO_WHOLE_WORLD = 5188
SA_BROADCAST_SYSTEM_MESSAGE_TO_WHOLE_WORLD_NOT_IN_SPECIAL_PLACE = 5189
SA_BROADCAST_SYSTEM_MESSAGE_TO_GUILD = 5190
AS_UPDATE_VISITED_SECTION_LIST = 5191
SA_CHANGE_CHARACTER = 5192
SA_SEND_SYSTEM_MESSAGE_TO_ACCOUNT_USER = 5193
SA_SEND_SYSTEM_MESSAGE_LOOT_ITEM_TO_ACCOUNT_USER = 5194
SA_SUMMON_MY_LOCATION = 5195
AS_USER_FIELD_POINT_INFO = 5196
SA_UPDATE_FIELD_POINT = 5197
SA_UPDATE_FIELD_POINT_RECEIVED_INDEX = 5198
SA_RESET_ALL_FIELD_POINT = 5199
SA_CHAR_LOC = 5200
AS_CHAR_LOC = 5201
SA_TELEPORT = 5202
AS_REQUEST_PERF = 5203
AS_PROFILE = 5204
AS_RESET_PROFILE = 5205
AS_REQUEST_NORMAL_CHAT = 5206
AS_REQUEST_TEAM_CHAT = 5207
AS_REQUEST_DICE_THROW = 5208
SA_REGISTER_WORLD_COMMAND = 5209
AS_LOAD_GUILD_DATA = 5210
AS_UPDATE_GUILD_DATA = 5211
SA_GUILD_QUEST_EVENT_MESSAGE = 5212
AS_REQUEST_START_GUILD_QUEST = 5213
SA_REQUEST_START_GUILD_QUEST = 5214
SA_BUY_VILLAGER_BUFF = 5215
AS_BUY_VILLAGER_BUFF = 5216
SA_TRADE_BROKER_OPEN = 5217
AS_TRADE_BROKER_CLOSE = 5218
SA_TRADE_BROKER_DEAL_OPEN = 5219
AS_TRADE_BROKER_DEAL_OPEN = 5220
AS_TRADE_BROKER_DEAL_CLOSE = 5221
SA_PUSH_GUILD_BUFF = 5222
AS_PUSH_GUILD_BUFF = 5223
AS_LEARN_GUILD_PERK = 5224
AS_RESET_GUILD_PERK = 5225
AS_CANCEL_SKILL_STRICTLY = 5226
SA_CREST_LEARN = 5227
AS_CREST_LEARN = 5228
SA_LEARN_ALL_CREST_ACQUIRABLE = 5229
AS_LEARN_ALL_CREST_ACQUIRABLE = 5230
SA_CREST_POINT = 5231
AS_CREST_POINT = 5232
SA_CREST_USE_LIST = 5233
AS_CREST_USE_LIST = 5234
SA_CREST_USE = 5235
AS_CREST_USE = 5236
SA_CREST_USE_CLEAR = 5237
AS_CREST_USE_CLEAR = 5238
SA_CREST_UPGRADE = 5239
AS_CREST_UPGRADE = 5240
SA_CREST_ALL_CLEAR = 5241
AS_CREST_ALL_CLEAR = 5242
SA_USER_NOCTAN = 5243
AS_USER_NOCTAN = 5244
AS_ADMIN = 5245
AS_SET_BLOCKED_USER = 5246
AS_ADD_BLOCKED_USER = 5247
AS_REMOVE_BLOCKED_USER = 5248
SA_REQUEST_LORD_REGISTER_WINDOW = 5249
AS_SET_VISIBLE_RANGE = 5250
SA_MAKE_SYS_PARCEL = 5251
AS_MAKE_SYS_PARCEL = 5252
SA_REQUEST_SHOW_POLICY_WINDOW = 5253
SA_REQUEST_SHOW_TAX_WINDOW = 5254
SA_LOAD_GUARD = 5255
AS_LOAD_GUARD = 5256
AS_CHANGE_LORD_GUILD = 5257
AS_LOAD_GUARD_FINISH = 5258
AS_SET_GUARD_POLICY = 5259
AS_GUARD_TAX_RATE = 5260
AS_GUARD_TAX_PROFIT = 5261
AS_ELECTION_STATE = 5262
AS_UPDATE_USER_DESCRIPTION = 5263
AS_LORD_ACCESSION = 5264
SA_UPDATE_LORD_ACHIEVEMENT_FAILED = 5265
AS_START_LORD_GUILDWAR = 5266
AS_END_LORD_GUILDWAR = 5267
SA_ADD_ELECTION_POINT_LORD_GUILDWAR = 5268
SA_SEND_MESSAGE_TO_WORLD_USER = 5269
AS_SEND_MESSAGE_TO_WORLD_USER = 5270
AS_CACHE_DUNGEON_COOL_TIME_TO_WORLD = 5271
AS_REQUEST_SEND_PK_POLICY = 5272
AS_UPDATE_GUILD_NAME = 5273
SA_UPDATE_USER_STATUS = 5274
AS_REQUEST_SPAWN_NPC = 5275
AS_REQUEST_SPAWN_TERRITORY = 5276
AS_REQUEST_DESPAWN_TERRITORY = 5277
AS_GUARD_LORD_CHANGED = 5278
AS_RESET_LORD_LIST = 5279
AS_LORD_LIST = 5280
SA_START_CHANGE_APPEARANCE = 5281
AS_START_EVENT = 5282
AS_STOP_EVENT = 5283
AS_START_FESTIVAL = 5284
AS_STOP_FESTIVAL = 5285
AS_FESTIVAL_NPC_SPAWN = 5286
AS_FESTIVAL_OBJECT_SPAWN = 5287
SA_REQUEST_START_FESTIVAL = 5288
SA_REQUEST_STOP_FESTIVAL = 5289
AS_UPDATE_PCBANG_INVEN_VERSION = 5290
SA_DECLARE_GUILD_WAR = 5291
AS_DECLARE_GUILD_WAR = 5292
AS_OPPOSITE_DECLARE_GUILD_WAR = 5293
SA_RAISE_GUILD_WAR = 5294
AS_RAISE_GUILD_WAR = 5295
SA_START_GUILD_WAR = 5296
AS_START_GUILD_WAR = 5297
SA_GIVE_UP_GUILD_WAR = 5298
SA_REQUEST_END_GUILD_WAR = 5299
SA_REQUEST_START_GUILD_WAR = 5300
AS_END_GUILD_WAR = 5301
SA_GUILD_WAR_INFO = 5302
AS_RESTART_GUILD_WAR = 5303
AS_NOTIFY_GUILD_WAR_INFO = 5304
SA_UPDATE_GUILD_WAR_MONEY = 5305
AS_WITHDRAW_GUILD_WAR = 5306
AS_QA_SET_GUILD_WAR_COOL_TIME = 5307
AS_GUILDW_WAR_ADMIN_MAINTAINCOST = 5308
AS_SET_NEW_TERA_USER = 5309
AS_SET_PC_BANG_USER = 5310
AS_ADMIN_REQUEST_VANISH_PET = 5311
AS_LORD_ELECTION_DEFEATED = 5312
SA_UPDATE_LORD_ELECTION_DEFEATED_ACHIEVEMENT_FAILED = 5313
AS_USER_VOTED = 5314
AS_ASK_PET_OWNER_INFO_FOR_VANISH = 5315
SA_ANS_PET_OWNER_INFO_FOR_VANISH = 5316
AS_SET_ACCOUNT_RESTRICTION_LEVEL = 5317
AS_GATHER_USER_LIST_BY_DISTANCE = 5318
SA_GATHER_USER_LIST_BY_DISTANCE = 5319
SA_RELAY_LOG = 5320
SA_REG_PERIOD_ITEM = 5321
AS_PERIOD_ITEM_EXPIRED = 5322
SA_PERIOD_ITEM_EXPIRED_RESULT = 5323
AS_UPDATE_ITEM_PERIOD = 5324
AS_REMOVE_ITEM_PERIOD = 5325
AS_PERIOD_PASSIVE_EXPIRED = 5326
SA_DARK_RIFT_CHANGE_AREA_WORLD_NOTI = 5327
SA_OPEN_DARK_RIFT_WORLD_NOTI = 5328
SA_DARK_RIFT_SPAWN_WORLD_NOTI = 5329
SA_DARK_RIFT_DESPAWN_WORLD_NOTI = 5330
SA_DARK_RIFT_MAIN_DEFENCE_CHANGE_HP = 5331
SA_DARK_RIFT_AVAILABLE_QUEST_USER_COUNT = 5332
AS_DARK_RIFT_SET_HUNTING_ZONE_ENABLED = 5333
AS_CONTROL_DARK_RIFT_INSTANCE = 5334
SA_DARK_RIFT_EVENT_OPEN = 5335
SA_DARK_RIFT_EVENT_CLOSE = 5336
DISABLE_DARK_RIFT_HUNTING_ZONE = 5337
AS_SET_DARK_RIFT_DAILY_COMPLETED = 5338
SA_RESET_DARK_RIFT_DAILY_COMPLETED = 5339
AS_RESET_DARK_RIFT_DAILY_COMPLETED = 5340
SA_UPDATE_DARK_RIFT_DAILY_COMPLETED = 5341
AS_UPDATE_DARK_RIFT_DAILY_COMPLETED = 5342
SA_DARK_RIFT_EVENT_UPDATE_SPAWNABLE_COUNT = 5343
SA_DARK_RIFT_RESTORATION_FAILED_INSTANCE_LIST = 5344
SA_DARK_RIFT_EVENT_GROUP_SPAWNED = 5345
SA_DARK_RIFT_CLEAR_ALL_SPAWNED_EVENT_GROUP_INFO = 5346
SA_DARK_RIFT_EVENT_UPDATE_CONCURRENT_SPAWN_COUNT = 5347
SA_DARK_RIFT_EVENT_ZONE_EXTRA_INSTANCE_OPENED = 5348
SA_ADMIN_CALL_DIFFERENT_WORLD_USER = 5349
AS_EVENT_MAIL_RECEIVED = 5350
DSA_DUNGEON_RANK_GET_CURRENT_TOP_SCORE = 5351
ADS_DUNGEON_RANK_GET_CURRENT_TOP_SCORE = 5352
AS_SET_ADMIN_NON_PK_SECTION = 5353
AS_RESET_ADMIN_NON_PK_SECTION = 5354
AS_SET_DUAL_OPTION_OPEN_MATERIAL_LIST = 5355
AS_SET_DUAL_OPTION_OPEN_MATERIAL = 5356
AS_DEL_DUAL_OPTION_OPEN_MATERIAL = 5357
AS_DEL_ALL_DUAL_OPTION_OPEN_MATERIAL = 5358
AS_SET_JACKPOT_EVENT_VALUE_LIST = 5359
AS_SET_JACKPOT_EVENT_VALUE = 5360
AS_DEL_JACKPOT_EVENT_VALUE = 5361
AS_SET_DUNGEON_ROOKIE_EVENT_VALUE_LIST = 5362
AS_SET_DUNGEON_ROOKIE_EVENT_VALUE = 5363
AS_DEL_DUNGEON_ROOKIE_EVENT_VALUE = 5364
SA_UPDATE_BATTLEFIELD_JACKPOT_EVENT_STATE = 5365
AS_SET_HUNTING_EVENT_VALUE_TABLE = 5366
AS_SET_HUNTING_EVENT_VALUE = 5367
AS_RESET_HUNTING_EVENT_VALUE = 5368
AS_SET_PLAY_GUIDE_EVENT_LIST = 5369
AS_ADD_PLAY_GUIDE_EVENT = 5370
AS_DEL_PLAY_GUIDE_EVENT = 5371
AS_DEL_ALL_PLAY_GUIDE_EVENT = 5372
AS_SET_PLAY_GUIDE_WEB_ADMIN_SETTINGS = 5373
AS_SET_PLAY_GUIDE_EXTRA_BASE_REWARD_EVENT = 5374
AS_ADD_PLAY_GUIDE_EXTRA_BASE_REWARD_EVENT = 5375
AS_DEL_PLAY_GUIDE_EXTRA_BASE_REWARD_EVENT = 5376
AS_DEL_ALL_PLAY_GUIDE_EXTRA_BASE_REWARD_EVENT = 5377
AS_SET_PLAY_GUIDE_EXTRA_DAILY_REWARD_EVENT = 5378
AS_ADD_PLAY_GUIDE_EXTRA_DAILY_REWARD_EVENT = 5379
AS_DEL_PLAY_GUIDE_EXTRA_DAILY_REWARD_EVENT = 5380
AS_DEL_ALL_PLAY_GUIDE_EXTRA_DAILY_REWARD_EVENT = 5381
SA_UPDATE_ONGOING_HUNTING_EVENT_NOTICE = 5382
AS_START_DARK_RIFT_REWARD_EVENT = 5383
AS_END_DARK_RIFT_REWARD_EVENT = 5384
AS_SET_DUNGEON_LOG_USE_OR_NOT = 5385
AS_USER_REQUEST_EXIT = 5386
AS_USER_CANCEL_REQUEST_EXIT = 5387
AS_USER_CANCEL_PARTY_CONTRACT = 5388
AS_QA_PUBLISHER_CHANGE = 5389
AS_CHANGE_GUILDWAR_KILL_COUNT_BYADMIN = 5390
AS_DARK_RIFT_REQUEST_RESERVATION_TIME_LIST = 5391
SA_DARK_RIFT_RESERVATION_TIME_LIST = 5392
AS_EVENT_MATCHING_DUNGEON_DETAIL_INFO = 5393
SA_AVAILABLE_EVENT_MATCHING_LIST = 5394
AS_BATTLE_FIELD_VIEW_LIST = 5395
SA_BATTLE_FIELD_VIEW_LIST = 5396
AS_SET_EP_SYSTEM_EVENT = 5397
AS_ADD_EP_SYSTEM_EVENT = 5398
AS_DEL_EP_SYSTEM_EVENT = 5399
AS_VIP_STORE_SLOT_ON_OFF = 5400
AS_VIP_STORE_SLOT_SALE = 5401
AS_SEND_MY_ACHIEVEMENT_INFO = 5402
AS_CHANGE_ACHIEVEMENT_SEASON = 5403
AS_ACHIEVEMENT_SEASON_LIST = 5404
BSA_CREATE_BATTLE_FIELD_RESULT = 5405
BSA_NOTIFY_USER_BATTLE_FIELD_ENTERABLE = 5406
BSA_LOAD_BATTLE_FIELD_UNIQUE_ID = 5407
ABS_LOAD_BATTLE_FIELD_UNIQUE_ID = 5408
ABS_ASK_ENTERABLE_BATTLE_FIELD_EXISTS = 5409
BSA_CREATE_BATTLE_FIELD = 5410
ABS_CREATE_BATTLE_FIELD = 5411
ABS_REQUEST_JOIN_BATTLE_FIELD = 5412
SA_BROADCAST_SHOW_NPC_MINI_MAP = 5413
SA_BROADCAST_DELETE_NPC_MINI_MAP = 5414
AS_REQUEST_OTHER_SERVER_ITEM_TOOLTIP = 5415
SA_REPLY_OTHER_SERVER_ITEM_TOOLTIP = 5416
SA_REQUEST_CHRONOSCROLL_USE = 5417
AS_CHRONOSCROLL_REDEEMED = 5418
SA_LOAD_BATTLE_FIELD_COOL_TIME = 5419
AS_LOAD_BATTLE_FIELD_COOL_TIME = 5420
SA_UPDATE_BATTLE_FIELD_COOL_TIME = 5421
AS_UPDATE_BATTLE_FIELD_COOL_TIME = 5422
AS_CLEAR_BATTLE_FIELD_COOL_TIME = 5423
SA_UPDATE_VOTE_COOL_TIME = 5424
AS_UPDATE_VOTE_COOL_TIME = 5425
AS_CLEAR_VOTE_COOL_TIME = 5426
AS_BOT_CONFIGURATION = 5427
AS_BOT_ACCOUNT_CANDIDATE = 5428
AS_BOT_LIST_ACCOUNT_CANDIDATE = 5429
SA_TO_DETECT_BOT_HUNT = 5430
SA_TO_DETECT_BOT_PLAYTICK = 5431
SA_TO_DETECT_BOT_INVALIDSTARTPOS = 5432
SA_LOAD_SERVANT_DATA = 5433
AS_LOAD_SERVANT_DATA = 5434
SA_ADD_SERVANT_DATA = 5435
AS_ADD_SERVANT_DATA = 5436
SA_UPDATE_SERVANT_NAME = 5437
AS_UPDATE_SERVANT_NAME = 5438
SA_UPDATE_SERVANT_DATA = 5439
AS_UPDATE_SERVANT_DATA = 5440
SA_LOAD_EXTRAPOINT_DATA = 5441
AS_LOAD_EXTRAPOINT_DATA = 5442
AS_SET_EP_SYSTEM_CONTENTS_ON_OFF_TABLE = 5443
AS_SET_EP_SYSTEM_CONTENTS_ON_OFF = 5444
SA_LOAD_POLITICS_UNIT = 5445
AS_POLITICS_UNIT_INFO = 5446
AS_END_LORD_REIGN_PERIOD = 5447
AS_MARK_AS_QUEST_COMPLETED = 5448
SA_WATCH_MOVIE = 5449
SA_LOAD_BATTLE_FIELD_ENTER_COUNT = 5450
AS_LOAD_BATTLE_FIELD_ENTER_COUNT = 5451
SA_UPDATE_BATTLE_FIELD_ENTER_COUNT = 5452
AS_UPDATE_BATTLE_FIELD_ENTER_COUNT = 5453
AS_ADMIN_CLEAR_BATTLE_FIELD_ENTER_COUNT = 5454
SA_CLEAR_BATTLE_FIELD_ENTER_COUNT = 5455
AS_CLEAR_BATTLE_FIELD_ENTER_COUNT = 5456
AS_ASK_LOAD_CONTINENT_CHANNEL_INFO = 5457
SA_ASK_LOAD_CONTINENT_CHANNEL_INFO = 5458
AS_ASK_WA_ADD_CONTINENT_CHANNEL_COUNT = 5459
SA_ASK_WA_ADD_CONTINENT_CHANNEL_COUNT = 5460
AS_ASK_SERVANT_SKILL_INFO = 5461
SA_SERVANT_SKILL_INFO = 5462
AS_ASK_CHANGE_MAX_PROF_LIMIT = 5463
SA_ASK_CHANGE_MAX_PROF_LIMIT = 5464
AS_UPDATE_DAILY_EVENT_DAY = 5465
SA_REQEUST_RESET_DUNGEON = 5466
AS_REQUEST_RESET_DUNGEON = 5467
SA_UPDATE_CAPACITY_POINT = 5468
SA_UPDATE_MAKRER_END = 5469
SA_UPDATE_GAUGE_END = 5470
SA_INSERT_LIMITED_DROP_GAUGE_INFO = 5471
SA_REQUSET_TOKEN_EXCHANGE_DATASHEET_RELOAD = 5472
AS_REQUSET_TOKEN_EXCHANGE_DATASHEET_RELOAD = 5473
AS_CHANGE_TOKEN_POINT_BY_WA = 5474
AS_NPC_ARENA_STATE_CHECK = 5475
SA_NPC_ARENA_STATE_CHECK = 5476
AS_NPC_ARENA_ACTIVATE = 5477
AS_QA_SET_GAME_OPERATOR = 5478
SA_RESET_AND_ENTER_DUNGEON = 5479
AS_RESET_AND_ENTER_DUNGEON = 5480
AS_RESET_DUNGEON = 5481
AS_AM_I_WORLD_CONTROL_ARBITER = 5482
SA_AM_I_WORLD_CONTROL_ARBITER = 5483
AS_DUNGEON_DISABLED_LIST = 5484
AS_CONTENTS_ON_OFF_LIST = 5485
AS_DUNGEON_ON_OFF = 5486
AS_CONTENTS_ON_OFF = 5487
AS_ACCESSORY_TRANSFORM_COST_INFO = 5488
SA_ADMIN_HOLD_CHARACTER = 5489
SA_ADMIN_CHAT_BAN = 5490
AS_ADMIN_HOLD_CHARACTER = 5491
AS_LOG_QUEST_END = 5492
SA_LOG_QUEST_END = 5493
SA_SPAWN_BUILD_OBJECT = 5494
AS_SPAWN_BUILD_OBJECT = 5495
AS_EVENT_MATCHING_INFO_LIST = 5496
SA_LOAD_EVENT_MATCHING_INFO = 5497
SA_DAILY_EVENT_COMPLETE = 5498
SA_STORYGROUP_QUEST_COMPLETE = 5499
AS_EVENT_MATCHING_INFO = 5500
AS_EVENT_MATCHING_CONTROL = 5501
AS_REQUEST_ENTER_BATTLEFIELD = 5502
SA_UPDATE_PLAYGUIDE_EXTRA_REWARD_RESETTIME = 5503
AS_UPDATE_PLAYGUIDE_EXTRA_REWARD_RESETTIME = 5504
SA_UPDATE_EVENT_MATCHING_ADD_REWARD_RESETTIME = 5505
AS_UPDATE_EVENT_MATCHING_ADD_REWARD_RESETTIME = 5506
SA_LEVEL_UP_EVENT = 5507
AS_ADMIN_DEL_FLOATING_CASTLE_PARTS = 5508
SA_LOAD_FLOATINGCASTLE = 5509
AS_LOAD_FLOATINGCASTLE = 5510
AS_ALL_COLLECT_FLOATING_CASTLE = 5511
AS_ASSIGN_ALL_FLOATING_CASTLE = 5512
AS_COLLECT_FLOATING_CASTLE = 5513
AS_ASSIGN_FLOATING_CASTLE = 5514
AS_UPDATE_GUILD_GENERAL_COIN = 5515
AS_SET_GUILD_GENERAL_COIN = 5516
SA_BROADCAST_FLOATING_CASTLE_INFO = 5517
SA_UPDATE_FLOATING_CASTLE_PARTS = 5518
SA_BROADCAST_FLOATING_CASTLE_NAMEPLATE = 5519
AS_UPDATE_FLOATING_CASTLE_PARTS = 5520
SA_UPDATE_FLOATING_CASTLE_COST_STATE = 5521
AS_UPDATE_FLOATING_CASTLE_COST_STATE = 5522
SA_UPDATE_FLOATING_CASTLE_AUTHORITY = 5523
AS_UPDATE_FLOATING_CASTLE_AUTHORITY = 5524
SA_USER_ON_SPAWN_COMPLETE = 5525
AS_UPDATE_GUILD_EMBLEM = 5526
AS_UPDATE_ACHIEVEMENT_SEASON = 5527
AS_ACQUIRE_FRIENDSHIP_GAGE = 5528
SA_UPDATE_FRIENDSHIP_TO_MONSTER_KILL_COUNT = 5529
SA_UPDATE_FRIENDSHIP_FOR_DUNGEON_CLEAR = 5530
SA_UPDATE_FRIENDSHIP_FOR_BATTLE_FIELD = 5531
SA_REQUEST_SEND_SKILL_SCRIPT_LIST = 5532
AS_LOAD_PRODUCT_SALE_INFO = 5533
AS_UPDATE_PRODUCT_SALE_INFO = 5534
AS_LOAD_PRODUCT_MARK_INFO = 5535
AS_UPDATE_PRODUCT_MARK_INFO = 5536
AS_DELETE_ALL_PRODUCT = 5537
AS_RESET_PRODUCT_MARK_EVENT = 5538
SA_SYNC_DATE_TIME = 5539
AS_SYNC_DATE_TIME = 5540
AS_SEND_ATTENDANCE_EVENT_COMPENSATION = 5541
SA_UPDATE_USER_ATTENDANCE_EVENT_COMPENSATION_INFO = 5542
AS_SEND_RETURN_USER_REWARD = 5543
SA_UPDATE_RETURN_USER_REWARD_INFO = 5544
AS_BATTLE_FIELD_DISABLED_LIST = 5545
AS_CHANGE_BATTLE_FIELD_ON_OFF = 5546
AS_INVOKE_ABNORMALITY_BY_ADMIN = 5547
AS_LOAD_ENCHANT_PROB_EVENT_INFO = 5548
AS_INSERT_ENCHANT_PROB_EVENT = 5549
AS_DELETE_ENCHANT_PROB_EVENT = 5550
AS_CREATE_GROUP_DUEL = 5551
AS_CHANGE_GROUP_DUEL_SETTING = 5552
AS_SEND_MY_GROUP_DUEL_MSG = 5553
AS_SET_ITEM_STRING = 5554
AS_REWRITE_ITEM_STRING = 5555
AS_CHANGE_EVENT_MATCHING_STATE = 5556
AS_ADD_ACCOUNT_PACKAGE_LIST = 5557
AS_REMOVE_ACCOUNT_PACKAGE_LIST = 5558
AS_ADD_NPC_SPAWN_EVENT = 5559
AS_DELETE_NPC_SPAWN_EVENT = 5560
AS_DELETE_ALL_NPC_SPAWN_EVENT = 5561
SA_END_NPC_SPAWN_EVENT = 5562
AS_ADD_AWAKEN_ENCHANT_DATA = 5563
AS_ADD_AWAKEN_CHANGE_DATA = 5564
AS_DELETE_AWAKEN_ENCHANT_DATA = 5565
AS_DELETE_AWAKEN_CHANGE_DATA = 5566
AS_STORE_ITEM_CHANGE_INFO = 5567
AS_RESET_STORE_ITEM_CHANGE_INFO = 5568
AS_UPDATE_VIP_SYSTEM_INFO = 5569
AS_ADD_VIP_TOKEN = 5570
AS_DUNGEON_PHASE_LAST_RESET_TIME = 5571
SA_REQUEST_DUNGEON_PHASE_USER_RESET = 5572
AS_REQUEST_DUNGEON_PHASE_USER_RESET = 5573
AS_CHANGE_DUNGEON_PHASE_LEVEL = 5574
DSA_SAVE_DUNGEON_PHASE_LEVEL = 5575
DSA_LOG_DUNGEON_PHASE_RECORD = 5576
SA_BROADACST_CITY_WAR_SEASON_HISTROY = 5577
AS_CITY_WAR_ON = 5578
AS_CITY_WAR_OFF = 5579
SA_BROADACST_TAX_INFO = 5580
SA_REQUEST_ENTER_CITY_WAR = 5581
AS_REQUEST_ENTER_CITY_WAR = 5582
SA_REQUEST_ENTER_CITY_WAR_GUILD_TOWER_BY_ITEM = 5583
AS_REQUEST_ENTER_CITY_WAR_GUILD_TOWER_BY_ITEM = 5584
AS_UPDATE_ADMIN_CITY_WAR_OPEN_TIME = 5585
AS_UPDATE_ADMIN_CITY_WAR_INTEREST_ONLY = 5586
AS_ADD_ADMIN_CITY_WAR_GUILD_BAN = 5587
AS_DEL_ADMIN_CITY_WAR_GUILD_BAN = 5588
SA_TELEPORT_CITY_WAR = 5589
AS_TELEPORT_CITY_WAR = 5590
SA_TELEPORT_CITY_WAR_GUILD_TOWER_BY_ITEM = 5591
AS_TELEPORT_CITY_WAR_GUILD_TOWER_BY_ITEM = 5592
SA_CITYWAR_WARNING_UNDERATTACK = 5593
AS_ADMIN_DELETE_GUILD_TOWER = 5594
SA_ADMIN_DELETE_GUILD_TOWER = 5595
SA_QA_DELETE_GUILD_TOWER = 5596
AS_QA_DELETE_GUILD_TOWER = 5597
SA_REWARD_CITYWAR_KILL_DEATH_COUNT = 5598
AS_ADD_VILLAGER_DESPAWN = 5599
AS_REMOVE_VILLAGER_DESPAWN = 5600
ADS_ADMIN_GET_DUNGEON_USER_LIST = 5601
DSA_ADMIN_GET_DUNGEON_USER_LIST = 5602
SA_GMEVENT_SEND_GUIDE_MESSAGE = 5603
SA_GMEVENT_OFF_GUIDE_MESSAGE = 5604
AS_LOAD_GMEVENT_DATA = 5605
AS_RELOAD_GMEVENT_DATASHEET = 5606
SA_GMEVENT_REQUEST_REWARD = 5607
AS_GMEVENT_RESPONSE_REWARD = 5608
SA_GMEVENT_REQUEST_OX_QUIZ = 5609
AS_GMEVENT_RESPONSE_OX_QUIZ = 5610
AS_GMEVENT_ONOFF = 5611
SA_GMEVENT_CHANGE_STATUS = 5612
AS_GMEVENT_DELETE_EVENT = 5613
AS_GMEVENT_UPDATE_EVENT = 5614
AS_GMEVENT_LOAD_JOIN_COUNT = 5615
AS_GMEVENT_CLEAR_JOIN_COUNT = 5616
AS_GMEVENT_CHANGE_MAX_JOIN_COUNT = 5617
SA_GMEVENT_CHANGE_JOIN_COUNT = 5618
AS_GMEVENT_NOTICE = 5619
SA_UPDATE_SKILL_COOLTIME = 5620
AS_LOAD_EVENTSYSTEM_INFO = 5621
AS_LOAD_EVENTSYSTEM_PROGRESS_INFO = 5622
AS_ADD_EVENTSYSTEM_INFO = 5623
AS_DELETE_EVENTSYSTEM_INFO = 5624
SA_REPORT_CHEATER = 5625
AS_UPDATE_SKILL_CHEATER_CONFIG = 5626
SA_UPDATE_SKILL_CHEATER_CONFIG = 5627
AS_INSERT_CONTINENT_ABNORMALITY = 5628
AS_DELETE_CONTINENT_ABNORMALITY = 5629
SA_UPDATE_RANK_USERNAME = 5630
AS_SET_FIELD_POINT_ADMIN_REWARD = 5631
DSA_DUNGEON_CLEAR_RECORD_RESULT = 5632
SDB_PING = 10000
SDB_USER_ENTERWORLD = 10001
SDB_USER_LEAVEWORLD = 10002
DBS_USER_LEAVEWORLD = 10003
SDB_VENDINGMACHINE_LOAD = 10004
DBS_VENDINGMACHINE_LOAD = 10005
SDB_VENDINGMACHINE_SELL_SETTING = 10006
DBS_VENDINGMACHINE_SELL_SETTING = 10007
SDB_VENDINGMACHINE_SELL = 10008
DBS_VENDINGMACHINE_SELL = 10009
SDB_VENDINGMACHINE_SELL_CLOSE = 10010
DBS_VENDINGMACHINE_SELL_CLOSE = 10011
SDB_VENDINGMACHINE_BUY_SETTING = 10012
DBS_VENDINGMACHINE_BUY_SETTING = 10013
SDB_VENDINGMACHINE_BUY = 10014
DBS_VENDINGMACHINE_BUY = 10015
SDB_VENDINGMACHINE_BUY_CLOSE = 10016
DBS_VENDINGMACHINE_BUY_CLOSE = 10017
SDB_VENDINGMACHINE_DESTROY = 10018
DBS_VENDINGMACHINE_DESTROY = 10019
SDB_VENDINGMACHINE_SELL_SETTLE_UP = 10020
DBS_VENDINGMACHINE_SELL_SETTLE_UP = 10021
SDB_VENDINGMACHINE_BUY_SETTLE_UP = 10022
DBS_VENDINGMACHINE_BUY_SETTLE_UP = 10023
SDB_VENDINGMACHINE_SELL_DIE = 10024
DBS_VENDINGMACHINE_SELL_DIE = 10025
SDB_VENDINGMACHINE_BUY_DIE = 10026
DBS_VENDINGMACHINE_BUY_DIE = 10027
SDB_LOAD_QUEST_LIST = 10028
DBS_LOAD_QUEST_LIST = 10029
SDB_SET_QUEST_INFO = 10030
DBS_SET_QUEST_INFO = 10031
SDB_GIVE_QUEST_BACKUP_ITEM = 10032
DBS_GIVE_QUEST_BACKUP_ITEM = 10033
SDB_SET_QUESTLIST_INFO = 10034
DBS_SET_QUESTLIST_INFO = 10035
SDB_SET_TASK_SHOW_TOGGLE = 10036
DBS_SET_TASK_SHOW_TOGGLE = 10037
SDB_END_START_QUEST_LIST = 10038
DBS_END_START_QUEST_LIST = 10039
DBS_USER_ENTERWORLD = 10041
S_UPDATE_LICENSE = 10042
D_UPDATE_LICENSE = 10043
S_UPDATE_EXP_LEVEL = 10044
D_UPDATE_EXP_LEVEL = 10045
S_UPDATE_PROF_MINERAL = 10046
S_UPDATE_PROF_BUG = 10047
S_UPDATE_PROF_ENERGY = 10048
S_UPDATE_PROF_HERB = 10049
D_UPDATE_PROF_RESULT = 10050
S_UPDATE_USER_PKDECLARECOUNT = 10051
D_UPDATE_USER_PKDECLARECOUNT = 10052
S_UPDATE_USER_PKPOINT = 10053
D_UPDATE_USER_PKPOINT = 10054
SDB_SET_MONEY = 10055
SDB_GET_MONEY = 10056
DBS_SET_MONEY = 10057
DBS_GET_MONEY = 10058
SDB_VIEW_WAREHOUSE = 10059
DBS_VIEW_WAREHOUSE = 10060
SDB_STORE_WAREHOUSE = 10061
DBS_STORE_WAREHOUSE = 10062
SDB_GET_WAREHOUSE = 10063
DBS_GET_WAREHOUSE = 10064
SDB_MOVE_WAREHOUSE_ITEM = 10065
DBS_MOVE_WAREHOUSE_ITEM = 10066
SDB_ITEM_PRODUCE_STEP1 = 10067
DBS_ITEM_PRODUCE_STEP1 = 10068
SDB_ITEM_PRODUCE_STEP2 = 10069
DBS_ITEM_PRODUCE_STEP2 = 10070
SDB_ITEM_EXTRACT = 10071
DBS_ITEM_EXTRACT = 10072
SDB_ITEM_DECOMPOSE = 10073
DBS_ITEM_DECOMPOSE = 10074
SDB_LEARN_ITEM_RECIPE = 10075
DBS_LEARN_ITEM_RECIPE = 10076
SDB_LOAD_ITEM_RECIPE = 10077
DBS_LOAD_ITEM_RECIPE = 10078
SDB_DELETE_ITEM_RECIPE_LIST = 10079
DBS_DELETE_ITEM_RECIPE_LIST = 10080
SDB_LOAD_SKILL_PROF = 10081
DBS_LOAD_SKILL_PROF = 10082
SDB_UPDATE_SKILL_PROF = 10083
DBS_UPDATE_SKILL_PROF = 10084
SDB_ITEM_SINGLE = 10085
DBS_ITEM_SINGLE = 10086
SDB_ITEM_TRADE = 10087
DBS_ITEM_TRADE = 10088
SDB_ITEM_DELIVER = 10089
DBS_ITEM_DELIVER = 10090
SDB_ITEM_ENCHANT = 10091
DBS_ITEM_ENCHANT = 10092
SDB_ITEM_ENCHANT_IDENTIFY = 10093
DBS_ITEM_ENCHANT_IDENTIFY = 10094
SDB_ITEM_CUSTOMIZING = 10095
DBS_ITEM_CUSTOMIZING = 10096
SDB_ITEM_MERGE = 10097
DBS_ITEM_MERGE = 10098
SDB_UPDATE_USERDATA = 10099
SDB_LIST_PARCEL = 10100
DBS_LIST_PARCEL = 10101
SDB_MAKE_PARCEL = 10102
DBS_MAKE_PARCEL = 10103
SDB_RECV_PARCEL = 10104
DBS_RECV_PARCEL = 10105
SDB_CHANGE_WAREHOUSE_POS = 10106
DBS_CHANGE_WAREHOUSE_POS = 10107
SDB_RETURN_PARCEL = 10108
DBS_RETURN_PARCEL = 10109
SDB_CLEAR_QUEST = 10110
DBS_CLEAR_QUEST = 10111
SDB_CHECK_NEW_GUILD_NAME = 10112
DBS_CHECK_NEW_GUILD_NAME = 10113
SDB_USER_LEARN_SKILL = 10121
DBS_USER_LEARN_SKILL = 10122
SDB_USER_LEARN_SKILL_FOR_MULTIPLE = 10123
DBS_USER_LEARN_SKILL_FOR_MULTIPLE = 10124
SDB_USER_FORGET_SKILL = 10125
DBS_USER_FORGET_SKILL = 10126
SDB_USER_UPDATE_LAST_MOUNT_SKILL = 10127
DBS_USER_UPDATE_LAST_MOUNT_SKILL = 10128
SDB_USER_DELETE_LAST_MOUNT_SKILL = 10129
DBS_USER_DELETE_LAST_MOUNT_SKILL = 10130
SDB_USER_LEARN_HIDE_PASSIVE_SKILL = 10131
DBS_USER_LEARN_HIDE_PASSIVE_SKILL = 10132
SDB_GUILD_LEARN_PERK = 10133
DBS_GUILD_LEARN_PERK = 10134
SDB_GUILD_RESET_PERK = 10135
DBS_GUILD_RESET_PERK = 10136
SDB_START_GUILD_PERK_AND_COST_GUILD_MONEY = 10137
DBS_START_GUILD_PERK_AND_COST_GUILD_MONEY = 10138
SDB_GIVE_GUILD_MONEY_INCENTIVE = 10139
DBS_GIVE_GUILD_MONEY_INCENTIVE = 10140
SDB_USER_LOAD_INVENTORY = 10141
DBS_USER_LOAD_INVENTORY = 10142
SDB_PEGASUS_FEE = 10143
DBS_PEGASUS_FEE = 10144
SDB_LOAD_TELEPORT_TO_POS_LIST = 10145
DBS_LOAD_TELEPORT_TO_POS_LIST = 10146
SDB_ADD_TELEPORT_TO_POS_LIST = 10147
DBS_ADD_TELEPORT_TO_POS_LIST = 10148
SDB_DELETE_TELEPORT_TO_POS_LIST = 10149
DBS_DELETE_TELEPORT_TO_POS_LIST = 10150
SDB_RENAME_TELEPORT_TO_POS_LIST = 10151
DBS_RENAME_TELEPORT_TO_POS_LIST = 10152
SDB_UPDATE_DAILY_EXTRA_POINT = 10153
DBS_UPDATE_DAILY_EXTRA_POINT = 10154
SDB_UPDATE_EXTRA_POINT = 10155
DBS_UPDATE_EXTRA_POINT = 10156
SDB_UPDATE_DAILY_LIMIT_EP_EXP = 10157
DBS_UPDATE_DAILY_LIMIT_EP_EXP = 10158
SDB_RESET_EXTRA_POINT_DATA = 10159
DBS_RESET_EXTRA_POINT_DATA = 10160
SDB_CHANGE_GOLD_CONSUMPTION = 10161
DBS_CHANGE_GOLD_CONSUMPTION = 10162
SDB_USER_LOAD_EP_PERK = 10163
DBS_USER_LOAD_EP_PERK = 10164
SDB_USER_LEARN_EP_PERK = 10165
DBS_USER_LEARN_EP_PERK = 10166
SDB_USER_RESET_EP_PERK = 10167
DBS_USER_RESET_EP_PERK = 10168
SDB_USER_INCREASE_EP_POINT_BY_ITEM = 10169
DBS_USER_INCREASE_EP_POINT_BY_ITEM = 10170
SDB_UPDATE_PRE_EP_INFO = 10171
DBS_UPDATE_PRE_EP_INFO = 10172
SDB_CONDITIONAL_TELEPORT = 10173
DBS_CONDITIONAL_TELEPORT = 10174
SDB_RETURN_HOME_WITH_SYSRETURN = 10175
DBS_SYSRETURN_POSITION = 10176
SDB_SET_SYSRETURN_POSITION = 10177
SDB_ITEM_STORE = 10178
DBS_ITEM_STORE = 10179
SDB_PAY_WAREHOUSE_COMMISION = 10180
DBS_PAY_WAREHOUSE_COMMISION = 10181
SDB_UPDATE_USER_DATA = 10182
DBS_UPDATE_USER_DATA = 10183
SDB_ITEM_SIMPLE_ATOM = 10184
DBS_ITEM_SIMPLE_ATOM = 10185
SDB_INIT_GUILD = 10186
DBS_INIT_GUILD_GROUP = 10187
DBS_INIT_GUILD_MEMBER = 10188
DBS_INIT_GUILD_PERK_LIST = 10189
DBS_LOAD_GUILD_COMPLETE = 10190
SDB_CREATE_GUILD2 = 10191
DBS_CREATE_GUILD2 = 10192
S_UPDATE_USER_PKDECLARECOUNT2 = 10193
D_UPDATE_USER_PKDECLARECOUNT2 = 10194
SDB_ADD_GUILDMEMBER2 = 10198
DBS_ADD_GUILDMEMBER2 = 10199
SDB_ITEM_TRADE_LOG = 10200
SDB_MAIN_MENU_COMMAND = 10201
DBS_MAIN_MENU_COMMAND = 10202
SDB_CLEAR_WAREHOUSE = 10203
DBS_CLEAR_WAREHOUSE = 10204
SDB_INVENTORY_AUTO_SORT = 10205
DBS_INVENTORY_AUTO_SORT = 10206
SDB_WAREHOUSE_AUTO_SORT = 10207
DBS_WAREHOUSE_AUTO_SORT = 10208
SDB_SEND_CAMP_TELEPORT = 10209
DBS_CLEAR_INVEN = 10210
SDB_USER_CLEAR_ALL_SKILL = 10211
DBS_USER_CLEAR_ALL_SKILL = 10212
SDB_GROUP_DUEL_BET_MONEY = 10213
DBS_GROUP_DUEL_BET_MONEY = 10214
DBS_UPDATE_USER_MONEY = 10215
DBS_UPDATE_USER_INVENTORY = 10216
DBS_VENDINGMACHINE_LOAD2 = 10217
DBS_USER_LOAD_INVENTORY2 = 10218
DBS_INIT_GUILD_DATA = 10219
SDB_VENDINGMACHINE_SET = 10220
DBS_VENDINGMACHINE_SET = 10221
SDB_VENDINGMACHINE_BUYSELL = 10222
DBS_VENDINGMACHINE_BUYSELL = 10223
SDB_VENDINGMACHINE_BUY_SET = 10224
DBS_VENDINGMACHINE_BUY_SET = 10225
SDB_VENDINGMACHINE_BUY_EX = 10226
DBS_VENDINGMACHINE_BUY_EX = 10227
SDB_VENDINGMACHINE_CLEAR = 10228
DBS_VENDINGMACHINE_CLEAR = 10229
SDB_LOAD_USER_ACHIEVEMENT = 10230
DBS_LOAD_USER_ACHIEVEMENT = 10231
SDB_UPDATE_USER_ACHIEVEMENT = 10232
DBS_UPDATE_USER_ACHIEVEMENT = 10233
SDB_GROUP_DUEL_BETTING_ITEM = 10234
DBS_GROUP_DUEL_BETTING_ITEM = 10235
SDB_ADD_PVP_USER_LOG = 10236
SDB_ADD_PK_USER_LOG = 10237
SDB_ADD_GROUP_DUEL_USER_LOG = 10238
DBS_UPDATE_SERVER_ACHIEVEMENT = 10239
SDB_ACCOMPLISH_USER_ACHIEVEMENT = 10240
DBS_ACCOMPLISH_USER_ACHIEVEMENT = 10241
SDB_DELETE_USER_ACHIEVEMENT = 10242
DBS_DELETE_USER_ACHIEVEMENT = 10243
SDB_APPLY_TITLE = 10244
DBS_APPLY_TITLE = 10245
DBS_USER_REFRESH_INVENTORY = 10246
SDB_FETCH_THROUGH_ARBITER_CONTRACT = 10247
DBS_FETCH_THROUGH_ARBITER_CONTRACT = 10248
DBS_ASK_THROUGH_ARBITER_CONTRACT = 10249
SDB_ASK_THROUGH_ARBITER_CONTRACT = 10250
SDB_SEND_BEGIN_THROUGH_ARBITER_CONTRACT = 10251
SDB_SEND_END_THROUGH_ARBITER_CONTRACT = 10252
DBS_SEND_END_THROUGH_ARBITER_CONTRACT = 10253
DBS_REPLY_THROUGH_ARBITER_CONTRACT = 10254
SDB_DELETE_PARCEL = 10255
DBS_DELETE_PARCEL = 10256
SDB_EQUIP_ITEM = 10257
DBS_EQUIP_ITEM = 10258
SDB_GROUP_DUEL_RETURN = 10259
DBS_GROUP_DUEL_RETURN = 10260
SDB_TRADE_BROKER_REGISTER_ITEM = 10261
DBS_TRADE_BROKER_REGISTER_ITEM = 10262
SDB_TRADE_BROKER_UNREGISTER_ITEM = 10263
DBS_TRADE_BROKER_UNREGISTER_ITEM = 10264
SDB_TRADE_BROKER_CALC_SOLD_ITEM = 10265
DBS_TRADE_BROKER_CALC_SOLD_ITEM = 10266
SDB_TRADE_BROKER_CALC_BOUGHT_ITEM = 10267
DBS_TRADE_BROKER_CALC_BOUGHT_ITEM = 10268
SDB_TRADE_BROKER_BUY_IT_NOW = 10269
DBS_TRADE_BROKER_BUY_IT_NOW = 10270
SDB_TRADE_BROKER_START_DEAL = 10271
DBS_TRADE_BROKER_START_DEAL = 10272
DBS_TRADE_BROKER_ACCEPT_DEAL = 10273
SDB_TRADE_BROKER_CANCEL_DEAL = 10274
AS_ASK_ADMIN_REQUEST_USERACTION = 10275
SA_ADMIN_REQUEST_USERACTION = 10276
AS_ADMIN_REQUEST_USERACTION = 10277
AS_ADMIN_REQUEST_SEND_INFO = 10278
AS_ADMIN_COMMAND = 10279
DBS_DELETE_QUEST = 10280
DBS_UPDATE_QUEST = 10281
DBS_TRADE_BROKER_CANCEL_DEAL = 10282
SDB_USER_VAPORIZED = 10283
DBS_SIMULATE_ITEM_TOOLTIP = 10284
SDB_SIMULATE_ITEM_TOOLTIP = 10285
DBS_USER_RESTRICTION = 10286
SDB_VISIT_ALL_SECTIONS = 10287
AS_CAMP_TEL_ADDED = 10288
SDB_LOAD_USER_RESTRICTION = 10289
DBS_LOAD_USER_RESTRICTION = 10290
SDB_LOAD_USER_VIP_INFO = 10291
DBS_LOAD_USER_VIP_INFO = 10292
SDB_RESET_VIP_STORE = 10293
DBS_RESET_VIP_STORE = 10294
SDB_BUY_VIP_STORE_ITEM = 10295
DBS_BUY_VIP_STORE_ITEM = 10296
SDB_ADD_VIP_GAME_EXP = 10297
DBS_ADD_VIP_GAME_EXP = 10298
SDB_INCREASE_INVENTORY_SIZE = 10299
DBS_INCREASE_INVENTORY_SIZE = 10300
SDB_REQUEST_SEND_PAPERDOLL = 10301
SDB_REQUEST_SEND_QUESTJOURNAL = 10302
SDB_COUPON_LIST = 10303
DBS_COUPON_LIST = 10304
SDB_USE_COUPON = 10305
DBS_USE_COUPON = 10306
SDB_DELETE_COUPON = 10307
DBS_DELETE_COUPON = 10308
SDB_RIGHT_ITEM_LIST = 10309
DBS_RIGHT_ITEM_LIST = 10310
SDB_USE_RIGHT_ITEM = 10311
DBS_USE_RIGHT_ITEM = 10312
SDB_ASK_CHANGE_CHAR_NAME = 10313
DBS_ASK_CHANGE_CHAR_NAME = 10314
SDB_DO_CHANGE_CHAR_NAME = 10315
DBS_DO_CHANGE_CHAR_NAME = 10316
SDB_ASK_CHANGE_GUILD_NAME = 10317
DBS_ASK_CHANGE_GUILD_NAME = 10318
SDB_DO_CHANGE_GUILD_NAME = 10319
DBS_DO_CHANGE_GUILD_NAME = 10320
SDB_DO_CHANGE_LOOK = 10321
DBS_DO_CHANGE_LOOK = 10322
SDB_CHANGE_ACCESSORY_TRANSFORM = 10323
DBS_CHANGE_ACCESSORY_TRANSFORM = 10324
SDB_CHANGE_FACE_CUSTOM = 10325
DBS_CHANGE_FACE_CUSTOM = 10326
AS_ADD_TO_FRIEND_LIST = 10327
AS_DESPAWN_PET = 10328
SA_TEST_PACKET = 10329
SDB_VENDINGMACHINE_STOP = 10330
AS_GUILD_JOINED = 10331
SDB_LOAD_DUNGEON_COOL_TIME = 10332
DBS_LOAD_DUNGEON_COOL_TIME = 10333
SDB_LOAD_DUNGEON_PHASE_LEVEL = 10334
DBS_LOAD_DUNGEON_PHASE_LEVEL = 10335
SDB_UPDATE_DUNGEON_RANK_RECORD = 10336
DBS_UPDATE_DUNGEON_RANK_RECORD = 10337
AS_TRADE_BROKER_ITEM_SOLD = 10338
SDB_ADD_TUTORIAL_SIMPLE_TIP = 10339
DBS_ADD_TUTORIAL_SIMPLE_TIP = 10340
SDB_DONT_REPEAT_TUTORIAL_SIMPLE_TIP = 10341
DBS_DONT_REPEAT_TUTORIAL_SIMPLE_TIP = 10342
SDB_LOAD_TUTORIAL_SIMPLE_TIP = 10343
DBS_LOAD_TUTORIAL_SIMPLE_TIP = 10344
SDB_VENDINGMACHINE_CALCULATE_SELLER = 10345
DBS_VENDINGMACHINE_CALCULATE_SELLER = 10346
SDB_VENDINGMACHINE_CALCULATE_BUYER = 10347
DBS_VENDINGMACHINE_CALCULATE_BUYER = 10348
DBS_OPERATOR_TERRITORY_NPC_KILL = 10349
DBS_OPERATOR_CANCEL_TERRITORY_NPC_KILL = 10350
SDB_OPERATOR_TERRITORY_NPC_KILL = 10351
SDB_OPERATOR_TERRITORY_NPC_KILL_CANCEL = 10352
DBS_OPERATOR_TERRITORY_NPCPARTY_RESPAWN = 10353
DBS_OPERATOR_TERRITORY_NPCTEMPLATE_RESPAWN = 10354
SDB_CHANGE_ITEM_EXTERIOR = 10355
DBS_CHANGE_ITEM_EXTERIOR = 10356
SDB_RESTORE_ITEM_EXTERIOR = 10357
DBS_RESTORE_ITEM_EXTERIOR = 10358
SDB_CHANGE_ITEM_COLORING = 10359
DBS_CHANGE_ITEM_COLORING = 10360
SDB_DECREASE_ITEM_COLORING_LEFTTIME = 10361
DBS_DECREASE_ITEM_COLORING_LEFTTIME = 10362
SDB_REVIVE_FOR_DUNGEON_RETRY = 10363
DBS_REVIVE_FOR_DUNGEON_RETRY = 10364
SDB_TURN_ON_WORK_OBJECT = 10365
DBS_TURN_ON_WORK_OBJECT = 10366
SDB_SET_RECIPE_BOOKMARK = 10367
DBS_SET_RECIPE_BOOKMARK = 10368
SDB_CASH_ITEM_LOG = 10369
SDB_USE_CHRONOSCROLL = 10370
DBS_USE_CHRONOSCROLL = 10371
SDB_LOAD_REPUTATION_LIST = 10372
DBS_LOAD_REPUTATION_LIST = 10373
SDB_UPDATE_REPUTATION_INFO = 10374
DBS_UPDATE_REPUTATION_INFO = 10375
SDB_INIT_LIMIT_REMAIN_REPUTATION = 10376
DBS_INIT_LIMIT_REMAIN_REPUTATION = 10377
SDB_LOAD_BATTLE_FIELD_LIST = 10378
DBS_LOAD_BATTLE_FIELD_LIST = 10379
SDB_UPDATE_DAILY_QUEST_COMPLETE_COUNT = 10380
DBS_UPDATE_DAILY_QUEST_COMPLETE_COUNT = 10381
SDB_UPDATE_DAILY_QUEST_SEED = 10382
DBS_UPDATE_DAILY_QUEST_SEED = 10383
SDB_ITEM_POINT_STORE = 10384
DBS_ITEM_POINT_STORE = 10385
SDB_ITEM_GUILD_STORE = 10386
DBS_ITEM_GUILD_STORE = 10387
SDB_TUTORIAL_END = 10388
DBS_TUTORIAL_END = 10389
SDB_ITEM_UNIDENTIFY = 10390
DBS_ITEM_UNIDENTIFY = 10391
SDB_DELETE_QUEST_COMPLETED = 10392
DBS_DELETE_QUEST_COMPLETED = 10393
SDB_INSERT_FEUDAL_LORD_FLAG = 10394
DBS_INSERT_FEUDAL_LORD_FLAG = 10395
SDB_DECREASE_FEUDAL_LORD_FLAG_LIFE_TIME = 10396
DBS_DECREASE_FEUDAL_LORD_FLAG_LIFE_TIME = 10397
SDB_LOAD_FEUDAL_LORD_FLAG = 10398
DBS_LOAD_FEUDAL_LORD_FLAG = 10399
SDB_POLITICS_POINT_STORE = 10400
DBS_POLITICS_POINT_STORE = 10401
DBS_CHANGE_POLICYPOINT = 10402
SDB_MARK_AS_QUEST_COMPLETED = 10403
DBS_MARK_AS_QUEST_COMPLETED = 10404
SDB_LOAD_REFER_A_FRIEND_LIST = 10405
DBS_LOAD_REFER_A_FRIEND_LIST = 10406
DBS_ADD_REFER_A_FRIEND = 10407
DBS_DELETE_REFER_A_FRIEND = 10408
DBS_CHECK_SUMMON_FRIEND = 10409
SDB_CHECK_SUMMON_FRIEND = 10410
DBS_LOAD_INVITE_FRIEND = 10411
SDB_LOAD_INVITE_FRIEND = 10412
SDB_PUBLISH_INVITE_CODE = 10413
SDB_INVITE_FRIEND_EXPIRE_TIME_END = 10414
SDB_GIVE_INVITE_COMPENSATION = 10415
SDB_LOAD_ACCOUNT_BENEFIT = 10416
DBS_LOAD_ACCOUNT_BENEFIT = 10417
SDB_LOAD_PREMIUM_SLOT = 10418
DBS_LOAD_PREMIUM_SLOT = 10419
SDB_LOAD_PCBANG_INVEN = 10420
DBS_LOAD_PCBANG_INVEN = 10421
SDB_REQUEST_RESET_PCBANG_INVEN = 10422
DBS_REQUEST_RESET_PCBANG_INVEN = 10423
SDB_REQUEST_USE_PCBANG_INVEN = 10424
DBS_REQUEST_USE_PCBANG_INVEN = 10425
SDB_UPDATE_PCBANG_INVEN_COOLTIME = 10426
DBS_UPDATE_PCBANG_INVEN_COOLTIME = 10427
SDB_LOAD_SKILLPERIOD = 10428
DBS_LOAD_SKILLPERIOD = 10429
SDB_UPDATE_REDUCE_SKILLPERIOD = 10430
DBS_UPDATE_REDUCE_SKILLPERIOD = 10431
SDB_CHANGE_ENCHAT_SCROLL_PASSIVE = 10432
DBS_CHANGE_ENCHAT_SCROLL_PASSIVE = 10433
SDB_LOAD_LEARNED_SOCIAL = 10434
DBS_LOAD_LEARNED_SOCIAL = 10435
SDB_USER_LEARN_SOCIAL = 10436
DBS_USER_LEARN_SOCIAL = 10437
SDB_USER_FORGET_SOCIAL = 10438
DBS_USER_FORGET_SOCIAL = 10439
SDB_USER_CLEAR_ALL_SOCIAL = 10440
DBS_USER_CLEAR_ALL_SOCIAL = 10441
SDB_INCREMENT_CHARACTER_SOCKET = 10442
DBS_INCREMENT_CHARACTER_SOCKET = 10443
SDB_INCREMENT_CHARACTER_LEVEL = 10444
DBS_INCREMENT_CHARACTER_LEVEL = 10445
SDB_INCREMENT_CHARACTER_LEVEL_JUMP = 10446
DBS_INCREMENT_CHARACTER_LEVEL_JUMP = 10447
SDB_INCREMENT_CHARACTER_EXP = 10448
DBS_INCREMENT_CHARACTER_EXP = 10449
DBS_INGAMESHOP_CATEGORY_BEGIN = 10450
DBS_INGAMESHOP_CATEGORY_DATA = 10451
DBS_INGAMESHOP_CATEGORY_END = 10452
DBS_INGAMESHOP_PRODUCT_BEGIN = 10453
DBS_INGAMESHOP_PRODUCT_DATA = 10454
DBS_INGAMESHOP_PRODUCT_TAG = 10455
DBS_INGAMESHOP_PRODUCT_ITEMID = 10456
DBS_INGAMESHOP_PRODUCT_SUBPROD = 10457
DBS_INGAMESHOP_PRODUCT_END = 10458
SDB_ASK_CURRENT_HANCOIN_AMOUNT = 10459
SDB_REQUEST_BUY_PRODUCTID = 10460
SDB_SHARED_ACCOUNT_DATA = 10461
DBS_SHARED_ACCOUNT_DATA = 10462
SA_USER_CHANGE_CLASS_RACE_GENDER = 10463
AS_USER_CHANGE_CLASS_RACE_GENDER = 10464
AS_EVENT_HUNTINGBONUS_ITEM = 10465
SA_EVENT_HUNTINGBONUS_ITEMRESULT = 10466
SDB_ENCHANT_ITEM_BOOST = 10467
DBS_ENCHANT_ITEM_BOOST = 10468
SDB_UPDATE_ITEM_CUSTOMEXITEM = 10469
DBS_UPDATE_ITEM_CUSTOMEXITEM = 10470
AS_EVENT_HUNTINGBONUS = 10471
SA_EVENT_HUNTINGBONUS_ITEMADDED = 10472
SDB_DO_LIMITED_GACHA_WORK = 10473
DBS_DO_LIMITED_GACHA_WORK = 10474
SDB_EXCHANGE_TOKEN_ITEM_TO_POINT = 10475
DBS_EXCHANGE_TOKEN_ITEM_TO_POINT = 10476
SDB_LOAD_TOKEN_EXCHANGE = 10477
DBS_LOAD_TOKEN_EXCHANGE = 10478
SDB_LOAD_LIMITED_DROP_POINT = 10479
DBS_LOAD_LIMITED_DROP_POINT = 10480
SDB_LOAD_MASSTIGE_INFO = 10481
DBS_LOAD_MASSTIGE_INFO = 10482
SDB_SET_TOKEN_POINT_QA = 10483
DBS_SET_TOKEN_POINT_QA = 10484
SDB_RESET_MASSTIGE_STATUS = 10485
DBS_RESET_MASSTIGE_STATUS = 10486
SDB_LOAD_FATIGABILITY_LIST = 10487
DBS_LOAD_FATIGABILITY_LIST = 10488
SDB_NEW_FATIGABILITY = 10489
DBS_NEW_FATIGABILITY = 10490
SDB_UPDATE_FATIGABILITY_POINT = 10491
DBS_UPDATE_FATIGABILITY_POINT = 10492
SDB_LOAD_PROMOTION_LIST = 10493
DBS_LOAD_PROMOTION_LIST = 10494
SDB_UPDATE_PROMOTION = 10495
DBS_UPDATE_PROMOTION = 10496
SDB_DELETE_PROMOTION = 10497
DBS_DELETE_PROMOTION = 10498
SDB_LOAD_PROMOTION_CONDITION_LIST = 10499
DBS_LOAD_PROMOTION_CONDITION_LIST = 10500
SDB_CREATE_PROMOTION_CONDITION = 10501
DBS_CREATE_PROMOTION_CONDITION = 10502
SDB_UPDATE_PROMOTION_CONDITION = 10503
DBS_UPDATE_PROMOTION_CONDITION = 10504
SDB_DELETE_PROMOTION_CONDITION = 10505
DBS_DELETE_PROMOTION_CONDITION = 10506
SDB_ITEM_DECOMPOSITION = 10507
DBS_ITEM_DECOMPOSITION = 10508
SDB_LOAD_PASSIVITY_COOLTIME = 10509
DBS_LOAD_PASSIVITY_COOLTIME = 10510
SDB_UPDATE_PASSIVITY_COOLTIME = 10511
DBS_UPDATE_PASSIVITY_COOLTIME = 10512
SDB_NPC_ARENA_BET = 10513
SDB_CANCEL_NPC_ARENA_BET = 10514
SDB_ITEM_FLOATING_CASTLE_PASTS_STORE = 10515
DBS_ITEM_FLOATING_CASTLE_PASTS_STORE = 10516
SDB_OPEN_FLOATING_CASTLE_PARTS_STORE = 10517
DBS_OPEN_FLOATING_CASTLE_PARTS_STORE = 10518
SDB_COLLECT_USEITEM_IN_FLOATING_CASTLE = 10519
DBS_COLLECT_USEITEM_IN_FLOATING_CASTLE = 10520
SDB_UPDATE_CUSTOMIZING_COMBINE_RESULT = 10521
DBS_UPDATE_CUSTOMIZING_COMBINE_RESULT = 10522
SDB_UPDATE_HOLD_CHARACTER_STATUS = 10523
DBS_UPDATE_HOLD_CHARACTER_STATUS = 10524
SDB_ITEM_AWAKEN = 10525
DBS_ITEM_AWAKEN = 10526
SDB_ITEM_UNBIND = 10527
DBS_ITEM_UNBIND = 10528
SDB_CHECK_DAILY_ATTENDANCE = 10529
DBS_CHECK_DAILY_ATTENDANCE = 10530
SDB_RESET_DAILY_ATTENDANCE = 10531
DBS_RESET_DAILY_ATTENDANCE = 10532
SDB_LOAD_USER_DAILY_EVENT = 10533
DBS_LOAD_USER_DAILY_EVENT = 10534
SDB_UPDATE_USER_DAILY_EVENT_COUNT = 10535
DBS_UPDATE_USER_DAILY_EVENT_COUNT = 10536
SDB_UPDATE_GET_EXTRA_REWARD = 10537
DBS_UPDATE_GET_EXTRA_REWARD = 10538
SDB_ADMIN_USER_DAILY_ATTENDANCE = 10539
DBS_ADMIN_USER_DAILY_ATTENDANCE = 10540
SDB_INIT_SEREN_GUIDE_INFO = 10541
DBS_INIT_SEREN_GUIDE_INFO = 10542
SDB_UPDATE_SEREN_GUIDE_INFO = 10543
DBS_UPDATE_SEREN_GUIDE_INFO = 10544
SDB_REQUEST_MEGAPHONE = 10545
DBS_REQUEST_MEGAPHONE = 10546
SDB_BUILD_GUILD_TOWER = 10547
DBS_BUILD_GUILD_TOWER = 10548
SDB_CHECK_PLAYTIME_REWARD = 10549
DBS_CHECK_PLAYTIME_REWARD = 10550
SDB_RECEIVE_PLAYTIME_REWARD = 10551
DBS_RECEIVE_PLAYTIME_REWARD = 10552
SDB_LOAD_CITY_WAR_SEASON_INFO = 10553
SDB_LOAD_CITY_TOWER_AND_PLAYER_INFO = 10554
SDB_DELETE_GUILD_TOWER = 10555
DBS_DELETE_GUILD_TOWER = 10556
DBS_LOAD_CITY_TOWER_AND_PLAYER_INFO = 10557
DBS_CITY_WAR_INFO = 10558
SDB_LOAD_CITY_GUILD_INFO = 10559
DBS_LOAD_CITY_GUILD_INFO = 10560
SDB_CREATE_NEW_CITY_WAR_LEAGUE = 10561
DBS_CREATE_NEW_CITY_WAR_LEAGUE = 10562
SDB_CHANGE_CITY_WAR_STATE = 10563
SDB_CHANGE_CITY_WAR_PROCESS_TIME = 10564
DBS_CHANGE_CITY_WAR_STATE = 10565
SDB_UPDATE_CITY_WAR_INFO = 10566
SDB_RESULT_CITY_WAR = 10567
DBS_RESULT_CITY_WAR = 10568
SDB_ADD_TAX = 10569
SDB_EQUIPMENT_INHERITANCE = 10570
DBS_EQUIPMENT_INHERITANCE = 10571
SDB_OPEN_DUAL_OPTION = 10572
DBS_OPEN_DUAL_OPTION = 10573
SDB_CHANGE_DUAL_OPTION_IDX = 10574
DBS_CHANGE_DUAL_OPTION_IDX = 10575
SDB_UPDATE_ADDITIONAL_REWARD_RECV_COUNT = 10576
DBS_UPDATE_ADDITIONAL_REWARD_RECV_COUNT = 10577
SDB_LOAD_ADDITIONAL_REWARD_RECV_COUNT = 10578
DBS_LOAD_ADDITIONAL_REWARD_RECV_COUNT = 10579
SDB_UPDATE_EVENTSYSTEM_PROGRESS = 10580
DBS_UPDATE_EVENTSYSTEM_PROGRESS = 10581
SDB_ALCHEMY = 10582
DBS_ALCHEMY = 10583
SDB_CHANGE_EQUIPMENT_EXP = 10584
DBS_CHANGE_EQUIPMENT_EXP = 10585
SDB_UPDATE_USERAWAKENGRADE = 10586
DBS_UPDATE_USERAWAKENGRADE = 10587
CP_PING = 19000
PC_PONG = 19001
CP_REQUEST_LOGIN = 19002
PC_REPLY_LOGIN = 19003
CP_REQUEST_SERVER_LIST = 19004
PC_REPLY_SERVER_LIST = 19005
PA_PING = 19200
AP_PONG = 19201
AP_REGISTER = 19202
PA_REGISTERED = 19203
AP_REQUEST_ENTER_LOBBY = 19204
PA_REPLY_ENTER_LOBBY = 19205
C_CHECK_VERSION = 19900
S_CHECK_VERSION = 19901
C_CANCEL_CONTRACT = 64350
C_CANCEL_DUNGEON_RETRY = 26609
C_CANCEL_REVIVE = 45485
C_END_MOVIE = 54777
C_GMEVENT_LEAVE_EVENT = 54061
C_GMEVENT_MOVE_TO_STADIUM = 31614
C_GMEVENT_OX_REPE_QUIZ_ANSWER = 22153
C_LORD_CALC_TAX = 29601
C_LORD_GUARD_INFO = 58135
C_LORD_RANK_INFO = 64398
C_LORD_TAX_SET = 62029
C_REQUEST_PARTY_INFO = 44018
C_REVIVE_NOW = 40172
C_TELEPORT_TO_CAMP = 49162
C_UPDATE_SKILL_SCRIPT = 37137
C_ADMIN_ADD_CUSTOM_BOOKMARK = 46896
C_ADMIN_CHAT_BAN = 42505
C_ADMIN_CHECK_USERNAME = 29810
C_ADMIN_GET_DUNGEON_USER_LIST = 36331
C_ADMIN_GET_USER_INFO_BY_DBID = 40096
C_ADMIN_GET_USER_INFO_LIST_BY_DISTANCE = 24917
C_ADMIN_GMEVENT_NOTICE = 36193
C_ADMIN_GMEVENT_OFF = 62862
C_ADMIN_GMEVENT_OX_QUIZ_NEXT_QUIZ = 22698
C_ADMIN_GMEVENT_OX_QUIZ_NEXT_REPE_QUIZ = 43557
C_ADMIN_GMEVENT_STATUS = 64341
C_ADMIN_GMEVENT_USER_KICK = 57567
C_ADMIN_GMEVENT_USER_SUMMON = 42816
C_ADMIN_GM_SKILL = 58311
C_ADMIN_GM_TELEPORT = 26920
C_ADMIN_HOLD_CHARACTER = 38535
C_ADMIN_REMOVE_CUSTOM_BOOKMARK = 40718
C_ADMIN_REMOVE_NPC = 59205
C_ADMIN_REQUEST_CUSTOM_BOOKMARK = 30399
C_ADMIN_REQUEST_DEFAULT_BOOKMARK = 44440
C_ADMIN_REQUEST_USERACTION = 27865
C_ADMIN_SPAWN_NPC = 43674
C_ADMIN_VANISH_PET = 55839
C_ADMIN_WARNING_MESSAGE = 37270
C_ASK_HANCOIN_AMOUNT = 25131
C_CANCEL_DELETE_USER = 39055
C_CAN_CREATE_USER = 64363
C_CHANGE_USER_LOBBY_SLOT_ID = 56079
C_CHANGE_USER_NAME = 64594
C_DELETE_USER = 30715
C_GET_USER_GUILD_LOGO = 49610
C_GET_USER_LIST = 20574
C_HARDWARE_INFO = 33350
C_ROUND_PVE_SKILL_SELECT = 49434
C_SELECT_USER = 54242
C_SUGGEST_DARK_RIFT_PARTY_MATCHING = 25631
C_UNMOUNT_VEHICLE = 21690
S_SPAWN_SERVANT = 30394
C_LORD_CHANGE_GREETINGS = 29022
C_LORD_CHANGE_POLICY = 25350
C_NOTIFY_LOCATION_IN_REACTION = 22602
C_SECOND_PASSWORD_AUTH = 57443
C_SECOND_PASSWORD_REGISTER = 37810
C_SET_TARGET_INFO = 48137
C_STORE_SELL_ADD_BASKET = 63652
C_COLLECTION_PICKEND = 39473
C_COMPLETE_QUEST = 36270
C_DEL_ITEM = 24730
C_EXPAND_INVEN_SIZE = 28191
C_LEAVE_PRIVATE_CHANNEL = 24740
C_MERGE_ITEM = 27214
C_MOVE_INVEN_POS = 26983
C_NPC_CONTACT = 35664
C_REQUEST_CHANGE_DUAL_OPTION_IDX = 28472
C_REQUEST_DECOMPOSITION = 38715
C_REQUEST_OPEN_DUAL_OPTION_MATERIAL_INFO = 56232
C_REQUEST_OPEN_DUAL_OPTION = 43169
C_REQUEST_RET_VILLAGE_INFO = 55032
C_SHOW_INVEN = 26604
C_SPAWN_BUILD_OBJECT = 27782
C_UNBIND_ITEM = 32154
C_USE_ITEM = 57482
S_CREATURE_ROTATE = 38513
C_ADMIN = 63169
C_CANCEL_EXIT = 44778
C_CANCEL_PREPARE_CHANGE_USER_APPEARANCE = 38591
C_CANCEL_RETURN_TO_LOBBY = 29400
C_PREVIEW_ITEM = 22862
C_REQUEST_GAMESTAT_PING = 57758
S_DESPAWN_NPC = 45206
S_SPAWN_NPC = 21038
C_ACCEPT_CONTRACT = 63866
C_CHANGE_ITEM_COLORING_POTION = 28063
C_DUEL_CANCEL = 44946
C_ITEM_COLORING_ADD_ITEM = 22313
C_ITEM_COLORING_REMOVE_ITEM = 44350
C_ITEM_COLORING_SET_COLOR = 59303
C_REJECT_CONTRACT = 39887
C_REMOVE_COLORING_POTION = 42489
C_REQUEST_ITEM_COLORING_VALUE = 27552
C_SEND_UI_LOG = 27240
C_VEHICLE_EX_ARROW_HIT = 33368
C_CHANGE_ITEM_PASSIVE_LIST = 29885
C_ENTER_TELEPORTTERRITORY = 46009
C_LEAVE_TELEPORTTERRITORY = 57363
C_PET_EQUIP = 27023
C_PET_INCUBATOR_GET = 63457
C_PET_INCUBATOR_PUT = 54063
C_PET_INCUBATOR_START = 38174
C_PET_INCUBATOR_TAKEALL = 54354
C_PET_UNEQUIP = 47288
C_REQUEST_GUILD_PERK_LIST = 42404
C_REQUEST_NONDB_ITEM_INFO = 27936
C_REQUEST_RIGHT_ITEM_LIST = 25014
C_SHOW_ITEM_TOOLTIP_EX = 40985
C_USE_RIGHT_ITEM = 45219
C_BUY_INGAMESTORE_MONEYPRODUCT = 42784
C_BUY_INGAMESTORE_TCATPRODUCT = 24655
C_ENTER_SCENARIO_DUNGEON = 42770
C_LOAD_TOPO_FIN = 39786
C_RECEIVE_PCBANG_STYLE_SHOP_ITEMS = 27665
C_REQUEST_INGAMESTORE_PRODUCT_DETAIL = 28484
C_REQUEST_INGAMESTORE_PRODUCT_LIST = 57058
C_SELECT_CHANNEL = 30887
C_STYLE_SHOP_BUY_REPUTATION_ITEM = 23047
C_STYLE_SHOP_BUY_TCAT_ITEM = 54018
C_UNREGISTER_PARTY_INFO = 32465
C_AVAILABLE_EVENT_MATCHING_LIST = 55496
C_BATTLE_FIELD_HELP = 58671
C_BATTLE_FIELD_START_OCCUPATION = 49332
C_CHANGE_CHANNEL_PASSWORD = 38519
C_CHECK_EVENT_MATCHING_LIST_CHECKBOX = 31202
C_CHECK_TO_DECLARE_GUILD_WAR = 60706
C_CHECK_TO_OPPOSITE_DECLARE_GUILD_WAR = 62149
C_COMPLETE_DAILY_EVENT = 37818
C_COMPLETE_EXTRA_EVENT = 20564
C_CREATE_PRIVATE_CHANNEL = 27425
C_DECLARE_GUILD_WAR = 53967
C_DISMISS_PARTY = 52606
C_EVENT_MATCHING_BATTLEFIELD_DETAIL_INFO = 43956
C_EVENT_MATCHING_DUNGEON_DETAIL_INFO = 55396
C_GIVE_UP_GUILD_WAR = 32245
C_INVITE_USER_TO_GUILD = 33781
C_JOIN_GROUP_DUEL = 20679
C_JOIN_PRIVATE_CHANNEL = 64984
C_KICK_CHANNEL_MEMBER = 33827
C_LEAVE_PARTY = 57686
C_OPPOSITE_DECLARE_GUILD_WAR = 35560
C_PLAY_TIME = 36613
C_PUT_INTO_PRISON = 60236
C_RELEASE_FROM_PRISON = 61778
C_REQUEST_ACHIEVEMENT_LIST = 45871
C_REQUEST_DICE_THROW = 24470
C_REQUEST_EVENT_MATCHING_TELEPORT = 44789
C_REQUEST_GUILD_INFO_BEFORE_APPLY_GUILD = 28146
C_REQUEST_GUILD_WAR_PENALTY_INFO = 45389
C_REQUEST_MISSION_QUEST_TELEPORT = 39284
C_REQUEST_REPUTATION_STORE_TELEPORT = 50731
C_REQUEST_STACK_ATTENDANCE_EVENT_INFO_UPDATE = 27851
C_REQUEST_STACK_ATTENDANCE_EVENT_REWARD = 61035
C_REQUEST_USER_PAPERDOLL_INFO_WITH_GAMEID = 33837
C_REQUEST_USER_PAPERDOLL_INFO = 43784
C_RESET_ALL_DUNGEON = 27814
C_RETURN_USER_GIFT = 50611
C_REUQUEST_JOINED_CHANNEL_LIST = 39464
C_SELECT_EVENT_MATCHING = 57084
C_SERVER_TIME = 47817
C_SHOW_STYLE = 24065
C_START_GUILD_SKILL = 25044
C_START_SKILL = 62005
C_VIEW_GUILD_WAR = 32753
C_WITHDRAW_GUILD_WAR = 32458
C_ADD_INTER_PARTY_MATCH_POOL = 21053
C_BATTLE_FIELD_REWARD = 26642
C_DEL_INTER_PARTY_MATCH_POOL = 26913
C_ENTER_BATTLE_FIELD = 32570
C_GET_ATTENDANCE_REWARD = 56040
C_GET_EVENT_DETAIL = 41784
C_HIT_USER_PROJECTILE = 64538
C_REPLY_INTER_PARTY_MAKE = 53934
C_REQUEST_PLAYTIME = 58567
C_SURVEY_ANSWER = 37000
C_TELEPORT_DARK_RIFT = 30902
C_VIEW_INTER_PARTY_MATCH_BATTLEFIELD_LIST = 49927
C_ADD_TRADE_BAG = 59052
C_BROADCAST_CLIMBING = 47567
C_CHANGE_CHARACTER = 31400
C_DUNGEON_CLEAR_COUNT_LIST = 23551
C_DUNGEON_WORK_ENTER = 43704
C_DUNGEON_WORK_LEAVE = 45050
C_DUNGEON_WORK_RETRY = 47815
C_END_CLIMBING = 52218
C_ENTER_DUNGEON = 63891
C_GACHA_CANCEL = 23309
C_GACHA_TRY = 22761
C_GET_IN_SHUTTLE = 29990
C_GET_OUT_SHUTTLE = 57536
C_GROUP_DUEL_RECORD = 30734
C_NOTIFY_LOCATION_IN_ACTION = 47681
C_PLAYER_FLYING_LOCATION = 43639
C_PLAYER_LOCATION = 60617
C_PRESS_SKILL = 38007
C_REQUEST_DUNGEON_WORK_LIST = 30486
C_TOGGLE_GROUP_DUEL_READY = 56215
C_TRADE_BAG_CLOSE = 41127
C_TRADE_BAG_DONE = 44303
C_VIEW_INTER_PARTY_MATCH_DUNGEON_LIST = 64583
C_BAN_FROM_GROUP_DUEL = 41394
C_CANCEL_QUEST = 25137
C_CHANGE_GROUP_DUEL_SETTING = 35563
C_CHAT = 28501
C_EXIT = 37968
C_GROUP_DUEL_BETTING = 64017
C_GROUP_DUEL_CHANGE_REPRESENT = 24271
C_GUARD_PK_POLICY = 20033
C_LEAVE_GROUP_DUEL = 27781
C_MOVE_SLOT_IN_GROUP_DUEL = 51866
C_RETURN_TO_LOBBY = 39281
C_SKILL_LEARN_LIST = 57436
C_SKILL_LEARN_REQUEST = 33434
C_TEL_CAMP = 42448
C_VISIT_NEW_SECTION = 37983
S_NPC_SCALE = 37529
C_ACCEPT_GUILD_APPLY = 26360
C_CREATE_GROUP_DUEL = 48657
C_END_ITEM_BIDDING = 38733
C_GET_GUILD_HISTORY = 27818
C_GET_GUILD_WARE_HISTORY = 61034
C_GUILD_APPLY_LIST_PAGE = 56715
C_GUILD_APPLY_LIST = 56212
C_OPEN_GUILD_WAR_WINDOW = 29432
C_REQUEST_CANCEL_GUILD_QUEST = 43470
C_REQUEST_FINISH_GUILD_QUEST = 60918
C_REQUEST_GUILD_INCENTIVE = 65388
C_REQUEST_GUILD_INFO = 21923
C_REQUEST_LEARN_GUILD_PERK = 45076
C_REQUEST_SEREN_GUIDE = 46509
C_REQUEST_START_GUILD_QUEST = 45890
C_REQUEST_UPDATE_ANNOUNCE = 37114
C_REQUEST_UPDATE_INTRODUCE = 25314
C_SET_GUILD_JOIN_CONDITION = 21482
C_SHOW_GUILD_QUEST_LIST = 33512
C_TOGGLE_GROUP_DUEL_SLOT = 49670
S_DEFAULT_ANIM_CHANGE = 33242
S_PLAY_ANIMATION = 24912
C_CITY_WAR_INFO_HISTROY = 43898
C_CITY_WAR_SEASON_HISTROY = 25823
C_CREST_APPLY = 60909
C_EVENT_GUIDE = 50164
C_LORD_CANDIDATE_LIST = 39244
C_LORD_CANDIDATE_PLEDGE = 51603
C_PET_ORB_ATTACH = 36408
C_PET_ORB_DELETE = 44734
C_PET_REPAIR = 52044
C_REIGN_INFO = 51803
C_REJECT_INVITE_USER_TO_GUILD = 34660
C_REQUEST_BATTLE_FIELD_PARTY_MARKER = 62328
C_REQUEST_GUILD_LEVEL_RANKING = 54625
C_REQUEST_GUILD_LIST_PAGE = 64333
C_REQUEST_GUILD_LIST = 22699
C_REQUEST_GUILD_WANTED_WRITING_LIST_PAGE = 47645
C_REQUEST_GUILD_WANTED_WRITING_LIST = 59853
C_REQUEST_INVITE_GUILD_LIST_PAGE = 38440
C_REQUEST_INVITE_GUILD_LIST = 37318
C_REQUEST_SET_GUILD_WANTED_WRITING = 24008
C_SHARE_USER_PING = 48143
S_IS_LORD = 22600
S_IS_NOT_LORD = 52141
C_GET_WARE_ITEM = 54679
C_PAY_WAREHOUSE_COMMISION = 27349
C_PUT_WARE_ITEM = 29518
C_VIEW_BATTLEFIELD_STORE = 20631
C_APPLY_GUILD = 37950
C_BANISH_GUILD_MEMBER = 28081
C_BATTLE_FIELD_POINT_STORE_BUY_ADD_BASKET = 22307
C_BATTLE_FIELD_POINT_STORE_BUY_DEL_BASKET = 24879
C_BATTLE_FIELD_POINT_STORE_COMMIT = 43414
C_CHANGE_GUILDGROUP = 25705
C_CHANGE_GUILD_CHIEF = 52460
C_COMMIT_ACCESSORY_TRANSFORM = 54858
C_CREATE_GUILDGROUP = 65036
C_DESTROY_GUILD = 25024
C_DUNGEON_WORK_POINT_STORE_BUY_ADD_BASKET = 60869
C_DUNGEON_WORK_POINT_STORE_BUY_DEL_BASKET = 29651
C_DUNGEON_WORK_POINT_STORE_COMMIT = 49429
C_GUILD_STORE_BUY_ADD_BASKET = 55269
C_GUILD_STORE_BUY_DEL_BASKET = 26865
C_GUILD_STORE_COMMIT = 57647
C_LEAVE_GUILD = 43123
C_MEDAL_STORE_BUY_ADD_BASKET = 35817
C_MEDAL_STORE_BUY_DEL_BASKET = 59404
C_MEDAL_STORE_COMMIT = 48196
C_POINT_STORE_BUY_ADD_BASKET = 36451
C_POINT_STORE_BUY_DEL_BASKET = 28909
C_POINT_STORE_COMMIT = 36612
C_POLITICS_POINT_STORE_BUY_ADD_BASKET = 26441
C_POLITICS_POINT_STORE_BUY_DEL_BASKET = 31526
C_POLITICS_POINT_STORE_COMMIT = 24103
C_RECOMMEND_GUILD = 25637
C_RECOMMEND_USER_GUILD = 23341
C_REMOVE_GUILDGROUP = 45482
C_REPLY_THROUGH_ARBITER_CONTRACT = 54319
C_REQUEST_ACCESSORY_COST_INFO = 22899
C_REQUEST_COOLTIME_TO_JOIN_GUILD = 48448
C_SET_GUILDGROUP_AUTHORITY = 64326
C_STORE_BUY_ADD_BASKET = 44600
C_STORE_BUY_DEL_BASKET = 31545
C_STORE_COMMIT = 57200
C_STORE_SELL_DEL_BASKET = 51773
C_UPDATE_GUILD_FLAG = 39909
C_UPDATE_GUILD_LOGO = 38895
C_ADMIN_REQUEST_USERINFO = 48736
C_ANS_QUEST_SHARE = 53134
C_BATTLE_FIELD_BOARD_REQUEST = 52924
C_DESPAWN_BUILD_OBJECT = 56791
C_MOVE_WARE_POS = 56966
C_REPLY_TELEPORT_WALK_THROUGH = 28437
C_REQUEST_QUEST_BACKUP_ITEM = 57051
C_REQUEST_ROUND_PVE_SKILL_LIST = 55375
C_TOGGLE_TASK_INFO_WINDOW = 54181
C_UPDATE_CONTENTS_PLAYTIME = 52996
C_VIEW_WARE = 56481
S_ACTION_END = 25473
S_ACTION_STAGE = 49761
S_MATERIAL_PARAM_CHANGE = 58235
C_CANCEL_LOCKON_TARGET = 53440
C_CANCEL_SKILL = 49780
C_CAN_LOCKON_TARGET = 44422
C_DUNGEON_SUMMON_PARTY = 24151
S_AERO = 33841
S_CAMERA_SHAKE = 62769
S_EMITTER_SET_Z = 33884
S_EMITTER = 36048
S_MATERIAL_CHANGE = 52081
S_NPC_CHANGE_MESH = 44674
S_PLAY_EFFECT = 60871
S_PLAY_MAGNETIC = 46718
S_PLAY_SOUND_BYNAME = 46101
S_POST_PROCESS_MATERIAL = 30046
S_POST_PROCESS = 35147
S_REMOVE_EFFECT = 54843
S_REMOVE_SOUND_BYNAME = 29931
S_SET_VISIBLE = 29563
S_START_ACTION_SCRIPT = 58165
S_VILLAGER_POPUP_DIALOG = 43143
C_ACCEPT_FRIEND = 52492
C_ADD_FRIEND_GROUP = 63260
C_ADD_FRIEND = 37077
C_CHANGE_FRIEND_MEMO = 36161
C_CHANGE_MY_PROFILE = 28944
C_CHANGE_MY_STATE = 59359
C_COLLECTION_PICKSTART = 49201
C_CREST_APPLY_LIST = 31267
C_DELETE_FRIEND_GROUP = 58520
C_DELETE_FRIEND = 26437
C_EDIT_FRIEND_GROUP = 25802
C_GROUP_DUEL_ADD_BETTING_ITEM = 34509
C_GROUP_DUEL_BETTING_MONEY = 49752
C_GROUP_DUEL_DEL_BETTING_ITEM = 52104
C_INVITE_FRIEND_CODE = 31739
C_UPDATE_FRIEND_INFO = 37278
C_ADD_CRYSTAL_COMBINE_MATERIAL = 46779
C_CANCEL_FIX_VEHICLE = 43853
C_CRYSTAL_COMBINE_EXECUTE = 31712
C_DEL_CRYSTAL_COMBINE_MATERIAL = 60644
C_REGISTER_ENCHANT_ITEM = 42041
C_REGISTER_UPGRADE_ITEM = 22343
C_REQUEST_ENCHANT = 36916
C_REQUEST_UPGRADE = 56832
C_START_ENCHANT = 54410
C_START_FIX_SPIRIT = 30105
C_START_FIX_VEHICLE = 47733
C_START_INSTANCE_SKILL = 52373
C_START_UPGRADE = 31149
C_TRY_LOOT_DROPITEM = 25613
C_UNREGISTER_ENCHANT_ITEM = 44799
C_UNREGISTER_UPGRADE_ITEM = 25678
C_ADD_ITEM_TO_VM_BUY_BASKET = 46557
C_ADD_ITEM_TO_VM_SELL_BASKET = 24259
C_ADD_TELEPORT_TO_POS_LIST = 60393
C_ADMIN_GM_MAPTELEPORT = 28118
C_BATTLE_FIELD_MAP_ALARM = 33119
C_BETTING_TRY = 30992
C_CLOSE_VM = 51521
C_DELETE_TELEPORT_TO_POS_LIST = 61155
C_PARTY_MATCH_WINDOW_CLOSED = 23165
C_PURCHASE_PROD = 33040
C_QUERY_COIN = 44586
C_REGISTER_VM_BUY_ITEM = 30923
C_REGISTER_VM_SELL_ITEM = 23663
C_REMOVE_ITEM_FROM_VM_BUY_BASKET = 42027
C_REMOVE_ITEM_FROM_VM_SELL_BASKET = 60282
C_RENAME_TELEPORT_TO_POS_LIST = 44210
C_REPLY_TELEPORT = 31764
C_REQUEST_ARENA_BETTING_INFO = 36756
C_REQUEST_CHANGE_CHARACTER_NAME = 49433
C_REQUEST_PARTY_MATCH_INFO_PAGE = 30714
C_REQUEST_PARTY_MATCH_INFO = 41244
C_REQUEST_USABLE_CHARACTER_NAME = 44638
C_TELEPORT_TO_POS = 50680
C_UNREGISTER_VM_BUY_ITEM = 31647
C_UNREGISTER_VM_SELL_ITEM = 28749
C_ADMIN_LOBBY = 57151
C_BLOCK_USER = 32563
C_EDIT_BLOCKED_USER_MEMO = 33345
C_FACIAL_ATTACHMENT = 20300
C_REMOVE_BLOCKED_USER = 62994
C_REQUEST_CANDIDATE_LIST = 60339
C_BOARD_ITEM_LIST = 49085
C_CONFIRM_UPDATE_NOTIFICATION = 61812
C_CREST_DISAPPLY_ALL = 46715
C_DIALOG_EVENT = 31541
C_DIALOG = 58393
C_LORD_VOTE_CANDIDATE_LIST = 35684
C_LORD_VOTE = 45513
C_PARTY_MARKER = 51432
C_REPLY_TELEPORT_NEAR_TOWN = 43053
C_REQUEST_WRITE_BOARD = 34983
C_VOTE_HISTORY = 50494
C_WATCHED_MOVIES = 42567
C_WRITE_BOARD = 37171
C_REQUEST_CITY_WAR_MAP_INFO = 58754
C_SET_VISIBLE_RANGE = 58352
C_SHOW_TRADE_ITEM = 38132
C_SHOW_TRADE_LOG = 29215
C_SIMPLE_TIP_DONT_REPEAT = 51192
C_CHANGE_LOOKS_PREMIUM_TRY = 61475
C_COMMIT_FACE_BONE_DATA = 64947
C_REQUEST_GUILD_LIST_SORT = 24141
C_UPDATE_REACTION_POS = 51429
C_WHISPER = 61122
S_SPAWN_USER = 57319
C_CANCEL_CHANGE_USER_APPEARANCE = 50967
C_CHANGE_SERVANT_NAME = 40660
C_COMMIT_CHANGE_USER_APPEARANCE = 47262
C_CONFIRM_INVITE_CODE = 50738
C_CREATE_USER = 60705
C_NOTIFY_SPIRIT_LOCATION_IN_ACTION = 58636
C_PRECONFIRM_INVITE_CODE = 59802
C_SERVANT_ABILITY = 61592
C_SIMPLE_TIP_REPEAT_CHECK = 62420
C_START_SKILL_BY_VEHICLE_EX = 20528
C_USER_AIM_TO = 57242
C_USER_AIM = 55391
C_VEHICLEEX_LOCATION = 27696
C_BAN_PARTY_MEMBER = 46242
C_CLEAR_SEND_PARCEL = 60601
C_CLOSE_SEND_PARCEL = 28726
C_DELETE_PARCEL = 55540
C_FINDNAME = 58050
C_LIST_PARCEL = 39352
C_LOGIN_ARBITER = 46203
C_MOUNT_VEHICLE_EX = 55308
C_NOTIFY_LOCATION_IN_DASH = 42045
C_NOTIMELINE_SKILL = 30330
C_PROMOTION_INFO = 20852
C_PROMOTION_RESET = 43052
C_PROMOTION_START = 30469
C_RECV_PARCEL = 40331
C_REQUEST_PVE_RANKING = 43593
C_REQUEST_PVP_RANKING = 23248
C_RETURN_PARCEL = 56284
C_SEND_PARCEL = 54418
C_SET_SEND_PARCEL_ITEM = 57652
C_SET_SEND_PARCEL_MONEY = 61023
C_SET_SEND_PARCEL_TYPE = 22867
C_SHOW_PARCEL_MESSAGE = 40461
C_START_COMBO_INSTANT_SKILL = 25010
C_START_INSTANCE_SKILL_EX = 64532
C_START_TARGETED_SKILL = 30830
C_TRANSFER_VEHICLE_EX = 56238
C_FLOATING_CASTLE_PARTS_STORE_BUY_ADD_BASKET = 64167
C_FLOATING_CASTLE_PARTS_STORE_BUY_DEL_BASKET = 35247
C_FLOATING_CASTLE_PARTS_STORE_COMMIT = 56060
C_PETITION_CANCEL = 34582
C_PETITION_CHAT_USER_MESSAGE = 53483
C_PETITION_CHECK_CREATABLE = 44467
C_PETITION_CHECK_SURVEYABLE = 26796
C_PETITION_COMPLETE_CONFIRM = 39014
C_PETITION_CREATE = 38998
C_PETITION_FEEDBACK = 49880
C_REQUEST_BUY_VIP_STORE_ITEM = 45716
C_REQUEST_FLOATING_CASTLE_PARTS_COOL_TIME = 31173
C_REQUEST_GUILD_FLAG_IMAGE_DATA = 59945
C_REQUEST_RENEW_ALL_PARTS_ITEM = 63578
C_REQUEST_RESET_VIP_STORE = 37570
C_REQUEST_VIP_STORE_ITEM_LIST = 21326
C_SHOW_AWESOMIUMWEB_SHOP = 34048
C_VIEW_PARTY_INVITE = 61958
C_CHAT_REPORT = 30475
C_DUNGEON_UI_OPENED = 38195
C_MAIN_MENU_COMMAND_EXEC = 57698
C_PARCEL_REPORT = 46180
C_REQUEST_IMAGE_DATA = 27494
C_REQUEST_LATEST_UPDATE_NOTIFICATION = 23746
C_SHOW_PETMANAGER = 62259
C_USER_REPORT = 64512
C_VIEW_DUNGEONWORK_STORE = 57526
S_END_USER_PROJECTILE = 51734
C_AWESOMIUM_WEB_COUNTING = 23859
C_CHECK_USERNAME = 21185
C_DISTRIBUTOR_ANSWER = 48000
C_LORD_REGISTER = 55559
C_PARTY_LOOTING_METHOD = 24843
C_REQUEST_TOKEN_TARGET_ITEM = 55144
C_TRY_ITEM_BIDDING = 32271
C_CHANGE_EQUIP_PRESET = 26148
C_DUNGEON_COOL_TIME_LIST = 20579
C_EDIT_PRIVATE_CHANNEL = 46638
C_EQUIP_ITEM = 33283
C_INGAME_CHANGE_USER_APPEARANCE_CANCEL = 23705
C_INGAME_CHANGE_USER_APPEARANCE_TRY = 50963
C_LEARN_EP_PERK = 23371
C_LOAD_EP_INFO = 23786
C_MEET_BOSS_INFO = 28167
C_NPCGUILD_LIST = 60267
C_PREMIUM_COMPOSE_ADD_ITEM = 46833
C_PREMIUM_COMPOSE_CANCEL = 56018
C_PREMIUM_COMPOSE_DEL_ITEM = 29525
C_PREMIUM_COMPOSE_RESET = 62087
C_PREMIUM_COMPOSE_TRY = 62894
C_PROMOTION_CANCEL = 27125
C_RECEIVE_PLAYTIME_EVENT_REWARD = 35138
C_REQUEST_BOSS_GAGE_INFO = 62094
C_REQUEST_MEGAPHONE = 20296
C_REQUEST_PRIVATE_CHANNEL_INFO = 51031
C_REQUEST_RESET_EPPERK = 55825
C_REQUEST_SHARE_QUEST = 54454
C_REWRITE_ITEM_STRING = 49432
C_SET_ITEM_STRING = 62244
C_SHOW_QUEST_INFO_DIALOG = 61512
C_SOCIAL = 40065
C_TRADE_BROKER_BOUGHT_ITEM_LIST = 27324
C_TRADE_BROKER_BUY_IT_NOW = 23906
C_TRADE_BROKER_CALC_BOUGHT_ITEM = 42264
C_TRADE_BROKER_CALC_SOLD_ITEM = 49581
C_TRADE_BROKER_CLOSE = 21726
C_TRADE_BROKER_HIGHEST_ITEM_LEVEL = 20151
C_TRADE_BROKER_HISTORY_ITEM_LIST_NEW = 39552
C_TRADE_BROKER_HISTORY_ITEM_LIST_PAGE = 20983
C_TRADE_BROKER_HISTORY_ITEM_LIST_SORT = 55305
C_TRADE_BROKER_INPUT_PRICE = 46259
C_TRADE_BROKER_REGISTERED_ITEM_LIST = 48516
C_TRADE_BROKER_REGISTER_ITEM = 34676
C_TRADE_BROKER_REJECT_SUGGEST = 47488
C_TRADE_BROKER_SOLD_ITEM_LIST = 36607
C_TRADE_BROKER_SUGGEST_DEAL = 25162
C_TRADE_BROKER_UNREGISTER_ITEM = 25749
C_TRADE_BROKER_WAITING_ITEM_LIST_NEW = 38687
C_TRADE_BROKER_WAITING_ITEM_LIST_PAGE = 27872
C_TRADE_BROKER_WAITING_ITEM_LIST_SORT = 22763
C_UNEQUIP_ITEM = 30994
C_VIEW_BATTLE_FIELD_RESULT = 54399
C_ASK_INTERACTIVE = 47675
C_ITEMSYNTHESIZER_REQUEST_CANCEL = 57381
C_ITEMSYNTHESIZER_REQUEST_MATERIAL = 41930
C_ITEMSYNTHESIZER_REQUEST_START = 63205
C_REQUEST_CONTRACT = 44253
C_START_CLIMBING = 35779
C_ANSWER_BANNING_PARTY_MEMBER = 57736
C_CHANGE_PARTY_MANAGER = 56999
C_CHANGE_PARTY_MEMBER_AUTHORITY = 26948
C_CHANGE_VM_MODE = 24728
C_CHECK_TO_READY_PARTY_ANSWER = 53247
C_CHECK_TO_READY_PARTY = 33301
C_COMMIT_VM_TRADE = 25406
C_END_CUSTOMIZING_PARTS_SHAPE = 48491
C_END_RESTORE_CUSTOMIZING_PARTS_SHAPE = 28240
C_EXTEND_PARTY = 31028
C_MERGE_PARTY_TO_RAID = 20002
C_PARTY_LOOTING_METHOD_VOTE = 30947
C_PCBANGINVENTORY_USE_SLOT = 53753
C_PREMIUM_SLOT_USE_SLOT = 50841
C_PREPARE_WORKOBJECT = 51437
C_REGIST_CUSTOMIZING_PARTS_SHAPE_ITEM = 62217
C_REQUEST_BATTLE_FIELD_CHAT_BAN = 29023
C_REQUEST_CHANGE_PARTY_MATCH_RULE = 33529
C_REQUEST_DEMOLISH_GUILD_TOWER = 55163
C_REQUEST_DEMOLIST_GUILD_TOWER_POPUP = 52099
C_SETTLE_UP_BUY_VM = 43555
C_SETTLE_UP_SELL_VM = 31486
C_START_VM_BUY = 51983
C_START_VM_SELL = 25568
C_STOP_VM = 62421
C_SWAP_PARTY = 53629
C_UNREGIST_CUSTOMIZING_PARTS_SHAPE_ITEM = 40356
C_VOTE_DISMISS_PARTY = 44562
C_VOTE_RESET_ALL_DUNGEON = 64992
C_REQUEST_BATTLE_FIELD_PARTY_MARKER_CLEAR = 52315
C_SET_RECIPE_BOOKMARK = 60816
C_START_PRODUCE = 61534
C_COMMIT_INGAME_CHANGE_USER_APPEARANCE = 59847
C_ENCHANTER_USE = 61970
C_FIELD_EVENT_BAN = 50734
C_REQUEST_EQUIPMENT_INHERITANCE = 30063
C_REQUEST_FIELD_POINT_REWARD = 42851
C_REQUEST_ONGOING_FIELD_EVENT_LIST = 29150
C_TRY_TELEPORT_FIELD_EVENT = 61128
C_ADMIN_KILL_NPC = 48792
C_APPLY_PARTY = 43433
C_BATTLE_FIELD_CANCEL_OCCUPATION = 51814
C_DECOMPOSE_REGISTER_ITEM = 63500
C_DECOMPOSE_UNREGISTER_ITEM = 20157
C_OP_COMMAND = 36511
C_PARTY_APPLICATION_DENIED = 65486
C_REGISTER_PARTY_INFO = 31500
C_REQUEST_MY_PARTY_MATCH_INFO = 21458
C_REQUEST_PARTY_MATCH_LINK = 43602
C_START_DECOMPOSE = 30822
C_CHANGE_GUILDNAME = 63236
C_CHECK_CHANGE_GUILDNAME = 21265
C_CHECK_EVENT_SYSTEM_REWARD = 25633
C_CONFIRM_EVENT_SYSTEM = 28841
C_CUSTOM_USER_CUSTOMIZING = 35924
C_DELETE_COUPON = 21929
C_GAMBLE_CANCEL = 28718
C_GAMBLE_CHANGE_BET_ITEM = 31846
C_GAMBLE_GO = 27684
C_GAMBLE_STOP = 45794
C_GAMBLE_TRY = 56733
C_GET_EVENT_SYSTEM_REWARD = 62059
C_INVALID_BUILD_VERSION = 38303
C_PONG = 27625
C_REQUEST_COUPON_DATA = 59768
C_REQUEST_COUPON_LIST = 62061
C_REQUEST_NAME_PREEMPTION = 42356
C_REQUEST_RENAME_GUILD = 49969
C_REQUEST_USABLE_GUILD_NAME = 50849
C_ROLLBACK_QUEST = 62904
C_START_COMMANDER_SKILL = 51823
C_TRADE_BROKER_DEAL_CONFIRM = 46321
C_TRADE_BROKER_DEAL_PRICE_UPDATE = 47752
C_USE_COUPON = 41278
C_CANCEL_PENDING = 34182
C_RESPONSE_SPAWN_DROPITEM = 59293
C_RIDE_PEGASUS = 27924
C_SAVE_CLIENT_ACCOUNT_SETTING = 22787
C_SAVE_CLIENT_USER_SETTING = 41232
C_TELEPORT_TO_VILLAGE = 42781
S_CUSTOM_STYLE_SYSTEM_MESSAGE = 37976
S_SYSTEM_MESSAGE = 34779
C_BIND_ITEM_BEGIN_PROGRESS = 22332
C_BIND_ITEM_EXECUTE = 58786
C_CANCEL_SELECT_CHANNEL = 45903
C_CURRENT_CHANNEL = 49892
C_DUNGEON_RANK_RECORD_LIST = 50344
C_DUNGEON_RANK_SEASON_LIST = 39469
C_INVENTORY_AUTO_SORT = 24850
C_LIST_CHANNEL = 60905
C_LORD_REGISTER_INFO = 58941
C_MERGE_ITEM_EXECUTE = 30277
C_STR_EVALUATE_LIST = 61153
S_EXIT = 32553
S_INSTANT_MOVE = 54962
S_NPC_LOCATION = 50426
S_NPC_TRANSLATIONZ = 64657
S_PLAYER_AUTOPILOT = 47334
S_USER_LOCATION = 58935
C_APPLY_TITLE = 44974
C_BUY_VILLAGER_BUFF = 61898
C_REQUEST_ENTER_VIP_DUNGEON = 54757
C_REQUEST_RECV_DAILY_TOKEN = 21801
C_REQUEST_USER_ITEMLEVEL_INFO = 58131
C_REQUEST_VIP_SYSTEM_INFO = 56984
C_UPDATE_MY_DESCRIPTION = 53004
S_ADD_CRYSTAL_COMBINE_MATERIAL = 32869
S_AWAKEN_RESULT = 48949
S_CHANGE_LOOT_ITEM_AMOUNT = 33812
S_COMPLETE_CHRONOSCROLL_USE = 51567
S_CRYSTAL_COMBINE_RESULT = 25936
S_DEL_CRYSTAL_COMBINE_MATERIAL = 41579
S_DESPAWN_DROPITEM = 38156
S_FAIL_LOOT_NON_OWNERSHIP = 44305
S_GMEVENT_CONFIRM_LEAVE_EVENT = 39674
S_GMEVENT_END_EVENT = 39821
S_GMEVENT_ENTER_EVENT = 34300
S_GMEVENT_GUIDE_MESSAGE = 34225
S_GMEVENT_OFF_GUIDE_MESSAGE = 34929
S_GMEVENT_OX_QUIZ_OPEN = 38992
S_GMEVENT_OX_QUIZ_RESULT = 23475
S_GMEVENT_OX_QUIZ_USER_STATUS = 29577
S_GMEVENT_OX_REPE_QUIZ_OPEN = 59072
S_GMEVENT_OX_REPE_QUIZ_RESULT = 34110
S_GMEVENT_OX_RESURRECT_RESULT = 59812
S_GMEVENT_RECV_REWARD = 42793
S_GMEVENT_START_EVENT = 61815
S_GMEVENT_WRITE_EVENTBOARD = 21165
S_INGAME_CHANGE_USER_APPEARANCE_CANCEL = 55026
S_INGAME_CHANGE_USER_APPEARANCE_START = 63480
S_ITEM_CUSTOM_STRING = 59361
S_ITEM_EXPLOSION_RESULT = 56622
S_LOOT_DROPITEM = 50448
S_OPEN_DUAL_OPTION_MATERIAL_INFO = 62456
S_PLAY_EVENT_SOUND = 39817
S_PLAY_SOUND = 31082
S_PREMIUM_COMPOSE_ADD_ITEM = 50488
S_PREMIUM_COMPOSE_DEL_ITEM = 56512
S_PREMIUM_COMPOSE_RESET = 25904
S_PREMIUM_COMPOSE_RESULT = 32874
S_PREMIUM_COMPOSE_START = 49326
S_PREMIUM_COMPOSE_UI_INFO = 52005
S_PREPARE_INGAME_CHANGE_USER_APPEARANCE = 55712
S_RENAME_ITEMSTRING_START = 36753
S_RESULT_CHANGE_DUAL_OPTION_IDX = 22533
S_RESULT_EQUIPMENT_INHERITANCE = 52568
S_RESULT_MATERIAL_AWAKEN = 21707
S_RESULT_OPEN_DUAL_OPTION = 27361
S_REWRITE_ITEM_STRING = 37004
S_SET_ITEM_STRING = 22703
S_SHOW_TEMPER_WINDOW = 59890
S_SPAWN_DROPITEM = 33840
S_TEMPER_MATERIALS = 38775
S_TEMPER_RESULT = 31588
S_USE_CHRONOSCROLL_RESULT = 59824
S_DARK_RIFT_ALL_DESPAWN_WORLD_NOTI = 64750
S_DARK_RIFT_AVAILABLE_QUEST_USER_COUNT = 44729
S_DARK_RIFT_CHANGE_AREA_WORLD_NOTI = 27731
S_DARK_RIFT_CLEAR_MAP_MARKER_WORLD_NOTI = 27991
S_DARK_RIFT_DEFENCE_OBJECT_CHANGE_HP = 26382
S_DARK_RIFT_DEFENCE_OBJECT_INIT = 20456
S_DARK_RIFT_DESPAWN_WORLD_NOTI = 59339
S_DARK_RIFT_DESTORY_OBJECT = 50492
S_DARK_RIFT_JOIN_LIST = 63790
S_DARK_RIFT_MAIN_DEFENCE_CHANGE_HP = 33234
S_DARK_RIFT_PROGRESS_STEP_WORLD_NOTI = 45232
S_DARK_RIFT_QUEST_INFO = 36383
S_DARK_RIFT_REWARD_RESULT = 60327
S_DARK_RIFT_SPAWN_WORLD_NOTI = 51208
S_DARK_RIFT_SYNC_TIME = 25221
S_DESPAWN_SHUTTLE = 50076
S_END_DARKRIFT_USER_HP = 43472
S_GET_IN_SHUTTLE = 52288
S_GET_OUT_SHUTTLE = 65307
S_MOVE_SHUTTLE = 55261
S_PCBANGINVENTORY_DATALIST = 20170
S_SHOW_DARKRIFT_USER_HP = 39510
S_SPAWN_SHUTTLE = 42018
S_SUGGEST_DARK_RIFT_PARTY_MATCHING = 27906
S_BATTLE_FIELD_ENTRANCE_INFO = 59110
S_CONTROL_DOOR = 49090
S_DESPAWN_DOOR = 30324
S_INIT_SEREN_GUIDE = 23827
S_RESULT_SEREN_GUIDE = 23826
S_SPAWN_DOOR = 24130
S_VIEW_INTER_PARTY_MATCH_BATTLEFIELD_LIST = 29588
S_ARENA_END_FIGHT = 20820
S_ARENA_FIGHTER_CHANGE_HP = 63071
S_ARENA_FIGHT_ABNORMALITY_BEGIN = 23370
S_ARENA_FIGHT_ABNORMALITY_END = 41389
S_ARENA_FIGHT_ABNORMALITY_REFRESH = 54284
S_ARENA_OPTIMIZATION = 50382
S_ARENA_RESULT = 61146
S_ARENA_START_FIGHT = 60684
S_AVAILABLE_SOCIAL_LIST = 51725
S_BETTING_INFO = 42403
S_BETTING_START = 32224
S_F2P_PremiumUser_Permission = 31213
S_SOCIAL_FORGET = 23869
S_SOCIAL_LEARN_RESULT = 33888
S_TOKEN_POINT_STATUS = 64447
S_ADMIN_CHECK_USERNAME = 62132
S_ADMIN_CUSTOM_BOOKMARK_LIST = 56170
S_ADMIN_DEFAULT_BOOKMARK_LIST = 33027
S_ADMIN_GET_USERINFO_INVEN = 29509
S_ADMIN_GET_USERINFO_SKILL = 44219
S_ADMIN_GET_USERINFO_WAREHOUSE = 35185
S_ADMIN_GET_USER_INFO_BY_DBID = 60188
S_ADMIN_GMEVENT_STATUS = 58457
S_ADMIN_GM_SKILL = 22251
S_ADMIN_HOLD_CHARACTER = 22483
S_USER_PAPERDOLL_INFO = 40664
S_CONTENTS_TIMER = 51391
S_CUSTOMIZING_PARTS_SHAPE_ITEM_LIST = 46083
S_END_CUSTOMIZING_PARTS_SHAPE = 63427
S_END_RESTORE_CUSTOMIZING_PARTS_SHAPE = 56758
S_MASSTIGE_STATUS = 57113
S_MINIGAME_END = 59981
S_MINIGAME_FAIL = 22441
S_MINIGAME_RANK_END_POINT = 30502
S_MINIGAME_START = 39747
S_MINIGAME_WAIT = 33417
S_OBTAIN_TOKEN_ITEM = 22707
S_RANK_MESSAGE = 53724
S_RANK_POINT_STATUS = 39070
S_RECEIVE_TOKEN_TARGET_ITEM = 42538
S_ADD_AWAKEN_CHANGE_DATA = 35278
S_ADD_AWAKEN_ENCHANT_DATA = 55488
S_DELETE_AWAKEN_CHANGE_DATA = 48557
S_DELETE_AWAKEN_ENCHANT_DATA = 53490
S_ENCHANT_BOOSTER_DROP_ITEM = 28816
S_ENCHANT_BOOSTER_REGISTER_ITEM = 62906
S_ENCHANT_BOOSTER_STATUS = 37426
S_ENCHANT_BOOSTER_SUCCESS = 22648
S_DESPAWN_WORKOBJECT = 24619
S_DIALOG = 22043
S_DIALOG_CLOSE = 23405
S_DIALOG_EVENT = 28022
S_NPC_MENU_SELECT = 63953
S_PREPARE_DONE_WORKOBJECT = 44084
S_PREPARE_WORKOBJECT = 39583
S_SET_WORKOBJECT = 51620
S_SPAWN_WORKOBJECT = 27001
S_TAX_INFO = 54567
S_WORK_WORKOBJECT = 28686
S_END_STACK_ATTENDANCE_EVENT_INFO = 42578
S_START_STACK_ATTENDANCE_EVENT_INFO = 61539
S_UPDATE_STACK_ATTENDANCE_EVENT_INFO = 34390
S_UPDATE_STACK_ATTENDANCE_EVENT_RESET_TIME = 61955
S_LOAD_DUNGEON_SOUND_HINT = 30541
S_SURVEY_QUESTION = 40588
S_VISITED_SECTION_LIST = 26348
S_VISIT_NEW_SECTION = 48632
S_CANCEL_PREPARE_CHANGE_USER_APPEARANCE = 23033
S_CHANGE_GUILDNAME = 25727
S_CHECK_CHANGE_GUILDNAME = 24831
S_CREATE_CHARACTER_RESTRICTION = 52127
S_DUNGEON_RANK_END_POINT = 33656
S_DUNGEON_RANK_END_TIME = 44982
S_DUNGEON_RANK_MESSAGE = 62214
S_DUNGEON_RANK_RECORD_LIST = 21760
S_DUNGEON_RANK_SEASON_LIST = 64590
S_DUNGEON_SUMMON_PARTY = 37450
S_END_CHANGE_USER_APPEARANCE = 48883
S_NOTIFY_DISCONNECT_BY_LEVEL_LIMIT = 30373
S_OPEN_CHANGE_CHARACTER_NAME_POPUP = 25360
S_OPEN_RENAME_GUILD_POPUP = 55915
S_PREPARE_CHANGE_USER_APPEARANCE = 41989
S_RACE_CHANGE_RESTRICTION = 20532
S_RESULT_CHANGE_CHARACTER_NAME = 27860
S_RESULT_RENAME_GUILD = 27113
S_RESULT_USABLE_CHARACTER_NAME = 42973
S_RESULT_USABLE_GUILD_NAME = 27850
S_SIMPLE_TIP_REPEAT_CHECK = 25566
S_START_CHANGE_USER_APPEARANCE = 59383
S_TUTORIAL_PLAY_FINISHED = 58221
S_ACCOMPLISH_ACHIEVEMENT = 30325
S_APPLY_TITLE = 50891
S_LOAD_ACHIEVEMENT_LIST = 41393
S_RESULT_GROUP_DUEL_MSG = 45809
S_RETURN_USER = 24927
S_RETURN_USER_REWARD_END = 30646
S_UPDATE_ACHIEVEMENT_PROGRESS = 31211
S_CHANGE_SERVANT_ENERGY = 21404
S_CHANGE_SERVANT_NAME = 54156
S_CITY_WAR_INFO_HISTROY = 25510
S_CITY_WAR_SEASON_HISTROY = 44660
S_DESPAWN_BUILD_OBJECT = 54546
S_DESPAWN_PET = 26559
S_DESPAWN_SERVANT = 50558
S_DESPAWN_USER = 41063
S_FEUDAL_LORD_FLAG_INFO = 33002
S_GUILD_LEVEL_RANKING_LIST = 55194
S_GUILD_TOWER_INFO = 62210
S_OPEN_CITY_WAR_SEASON_HISTORY = 33038
S_REPLY_GUILD_WANTED_WRITING_LIST = 57620
S_REPLY_INVITE_GUILD_LIST = 32341
S_REPLY_SET_GUILD_WANTED_WRITING = 20470
S_REQUEST_INVITE_GUILD_TAG = 52692
S_SERVANT_ABILITY = 49411
S_SPAWN_BUILD_OBJECT = 55254
S_SPAWN_ME = 64288
S_SPAWN_PET = 25370
S_BATTLE_FIELD_CHANGE_NPC_HP_EVENT = 35068
S_ADD_BLOCKED_USER = 65201
S_ADD_FRIEND = 37939
S_BATTLE_FIELD_ADD_SCORE = 38076
S_BATTLE_FIELD_CANCEL_OCCUPATION = 31806
S_BATTLE_FIELD_END_OCCUPATION = 61781
S_BATTLE_FIELD_HELP = 23989
S_BATTLE_FIELD_JACKPOT_EVENT_START = 28568
S_BATTLE_FIELD_MAP_ALARM = 60467
S_BATTLE_FIELD_NPC_KILL_EVENT = 24576
S_BATTLE_FIELD_PARTY_MARKER = 48073
S_BATTLE_FIELD_PARTY_MARKER_CLEAR = 62370
S_BATTLE_FIELD_RESULT = 25217
S_BATTLE_FIELD_SCORE = 43132
S_BATTLE_FIELD_START_OCCUPATION = 36564
S_BATTLE_FIELD_STATE = 31742
S_BATTLE_FIELD_STRONGHOLD_EVENT = 32684
S_BATTLE_FIELD_STRONGHOLD_NONE_STATE = 33246
S_BATTLE_FIELD_STRONGHOLD_STATE = 50543
S_BATTLE_FIELD_TEAM_MEMBERS_POS_INFO = 51316
S_BATTLE_FIELD_USER_ASSIST_EVENT = 33443
S_BATTLE_FIELD_USER_KILL_EVENT = 52765
S_BATTLE_FIELD_USER_LOAD_INFO = 22124
S_CANNON_BATTLE_FIELD_BOARD = 45579
S_CANNON_BATTLE_FIELD_CRASH_DOOR = 30681
S_CANNON_BATTLE_FIELD_GUARDTOWER_STATUS = 39974
S_CANNON_BATTLE_FIELD_STRONGHOLD_INFO = 61804
S_CHANGE_CITY_WAR_STATE = 36860
S_CHANGE_FREE_FIGHT_BATTLE_FIELD_RANKING = 46147
S_CHANGE_FRIEND_PROFILE = 50251
S_CHANGE_FRIEND_STATE = 50753
S_CITYWAR_WARNING_UNDERATTACK = 55557
S_CITY_WAR_NPC_INFO = 55313
S_CITY_WAR_NPC_KILL = 47354
S_CONFIRM_INVITE_CODE = 54572
S_CONFIRM_INVITE_CODE_BUTTON = 51779
S_DELETE_FRIEND = 21328
S_DELETE_GUILD_TOWER_MY_GUILD = 46314
S_DESTROY_GUILD_TOWER = 31609
S_DUNGEON_JACKPOT_EVENT_START = 40494
S_DUNGEON_RECORD_INFO = 45421
S_END_LEVEL_COMPENSATION = 29855
S_ENEMY_BATTLE_FIELD_COMMANDER_CHANGED = 49074
S_ENTER_CITY_WAR = 59725
S_FIELD_EVENT_CHANNEL_FULL_GUIDE = 63044
S_FIELD_EVENT_GUIDE = 49372
S_FIELD_EVENT_ON_ENTER = 64005
S_FIELD_EVENT_ON_LEAVE = 51834
S_FIELD_EVENT_PROGRESS_INFO = 29527
S_FIELD_EVENT_PROGRESS_TIMER = 39068
S_FIELD_EVENT_RANK_LIST = 62917
S_FIELD_POINT_INFO = 20321
S_FIELD_POINT_REWARD_INFO_LIST = 32691
S_FIN_CANNON_BATTLE_FIELD = 42426
S_FIN_FREE_FIGHT_BATTLE_FIELD = 29036
S_FIN_KUMAS_BATTLE_FIELD = 37489
S_FIN_KUMAS_BOSS_BATTLE_FIELD = 48043
S_FIN_ROUND_PVE_BATTLE_FIELD = 43044
S_FIN_ROUND_PVE_ROUND = 44136
S_FIN_ROUND_PVP_BATTLE_FIELD = 57392
S_FIN_SNOW_EVENT_BATTLE_FIELD = 63027
S_FIN_STRONGHOLD_OCCUPATION_BATTLE_FIELD = 36521
S_FIN_WORLD_OF_TANK_BATTLE_FIELD = 32731
S_FREE_FIGHT_BATTLE_FIELD_BOARD = 60815
S_FREE_FIGHT_BATTLE_FIELD_MY_WARPOINT_INFO = 42592
S_FRIEND_GROUP_LIST = 28000
S_FRIEND_LIST = 27693
S_GATE_ATTACK_ALARM = 52831
S_GUARDTOWER_ATTACK_ALARM = 58462
S_INIT_CANNON_BATTLE_FIELD = 51351
S_INIT_FREE_FIGHT_BATTLE_FIELD = 47561
S_INIT_KUMAS_BATTLE_FIELD = 43191
S_INIT_KUMAS_BOSS_BATTLE_FIELD = 48751
S_INIT_KUMAS_BOSS_INFO = 36704
S_INIT_ROUND_PVE_BATTLE_FIELD = 26251
S_INIT_ROUND_PVP_BATTLE_FIELD = 21383
S_INIT_SNOW_EVENT_BATTLE_FIELD = 32463
S_INIT_STRONGHOLD_OCCUPATION_BATTLE_FIELD = 22432
S_INIT_WORLD_OF_TANK_BATTLE_FIELD = 58982
S_INVITE_CODE_EXPIRE_TIME = 38984
S_INVITE_COMPENSATION_GUIDE = 22259
S_INVITE_FRIEND_CODE = 30865
S_KUMAS_BATTLE_FIELD_BOARD = 25577
S_KUMAS_BATTLE_FIELD_LOOT_ITEM = 45863
S_KUMAS_BATTLE_FIELD_RESULT = 23932
S_KUMAS_BOSS_BATTLE_FIELD_BOARD = 65316
S_KUMAS_BOSS_BATTLE_FIELD_RESULT = 24019
S_KUMAS_BOSS_CHANGE_INFO = 25047
S_LEAVE_CITY_WAR = 46002
S_NOTIFY_ACTIVE_BUILD_TERRITORY_STATE = 58617
S_NOTIFY_BATTLE_FIELD_NPC_DESPAWN = 54083
S_NOTIFY_BATTLE_FIELD_NPC_SPAWN = 39822
S_NOTIFY_TO_FRIENDS_WALK_INTO_SAME_AREA = 32247
S_NPC_RESPAWN_PLAN_ALARM = 54850
S_ONGOING_FIELD_EVENT_LIST = 62047
S_PRECONFIRM_INVITE_CODE = 62477
S_REMOVE_BLOCKED_USER = 46682
S_REQUEST_CITY_WAR_MAP_INFO = 38975
S_REQUEST_CITY_WAR_MAP_INFO_DETAIL = 50016
S_REQUEST_CITY_WAR_MAP_INFO_END = 35491
S_RESULT_CHANGE_FRIEND_MEMO = 56877
S_RESULT_CHANGE_MY_PROFILE = 54065
S_REWARDNPC_SPAWN_ALARM = 24908
S_ROUND_PVE_BATTLE_FIELD_BOARD = 35872
S_ROUND_PVE_CLOSE_SKILL_UI = 59191
S_ROUND_PVE_OPEN_SKILL_UI = 25036
S_ROUND_PVE_SCORE = 20993
S_ROUND_PVP_BATTLE_FIELD_BOARD = 46988
S_ROUND_RESULT = 55280
S_ROUND_START = 38672
S_SEND_ROUND_PVE_SKILL_LIST = 55861
S_SET_KUMAS_BATTLE_FIELD_TREASURE_SCORE = 42199
S_SHARE_USER_PING = 54759
S_SHOW_DEAD_CITY_WAR_UI = 42139
S_SNOW_EVENT_BATTLE_FIELD_BOARD = 24021
S_SNOW_EVENT_BATTLE_FIELD_SPAWN_USER = 45049
S_STAGE_RESULT = 49348
S_START_COMMANDER_SKILL = 21808
S_START_LEVEL_COMPENSATION = 23571
S_START_ROUND_PVE_ROUND = 45162
S_STRONGHOLD_OCCUPATION_BATTLE_FIELD_BOARD = 48005
S_STRONGHOLD_OCCUPATION_BATTLE_FIELD_STRONGHOLD_INFO = 31121
S_TRANSFER_KUMAS_BATTLE_FIELD_TREASURE = 61247
S_UPDATE_FRIENDSHIP_GAGE = 40988
S_UPDATE_FRIEND_INFO = 37462
S_UPDATE_GUILD_TOWER_INFO = 25078
S_UPDATE_KUMAS_BATTLE_FIELD_TREASURE_INFO = 41974
S_UPDATE_KUMAS_BOSS_POS = 60709
S_USER_BLOCK_LIST = 27549
S_WORLD_OF_TANK_BATTLE_FIELD_BOARD = 24495
S_WORLD_OF_TANK_BATTLE_FIELD_RESULT = 61225
S_ACCOUNT_BENEFIT_LIST = 58134
S_BOSS_BATTLE_INFO = 41698
S_BOSS_GAGE_INFO = 36458
S_BOSS_GAGE_PRIORITY = 55150
S_BOSS_GAGE_STACK_INFO = 29969
S_BYE_PET = 33723
S_CANCEL_EXIT = 47976
S_CANCEL_RETURN_TO_LOBBY = 62874
S_CANCEL_SELECT_CHANNEL = 31584
S_CHANGE_MODE = 55221
S_CHANGE_NAME_STRING = 27430
S_CHANGE_PK_INFO = 53561
S_CHANGE_RELATION = 42898
S_CHANGE_VOICE_USE_QAC = 44528
S_CLEAR_WORLD_QUEST_VILLAGER_INFO = 47603
S_CREATURE_CHANGE_HP = 57202
S_CREATURE_LIFE = 36163
S_CURRENT_CHANNEL = 35211
S_DEAD_LOCATION = 34570
S_DELETE_NPC_FROM_MAP = 24684
S_DESPAWN_GAMBLE_BOX = 65390
S_DONE_TEL_CAMP = 49899
S_DUNGEON_NEWBIE = 31142
S_ENABLE_DISABLE_SELLABLE_ITEM_LIST = 28533
S_FACIAL_ATTACHMENT_BROADCAST = 46736
S_GACHA_END = 44299
S_GACHA_START = 64339
S_GAMBLE_BEGIN = 46229
S_GAMBLE_CHANGE_BET_ITEM = 49778
S_GAMBLE_END = 53949
S_GAMBLE_RESULT = 20316
S_HIDE_HP = 38908
S_HIT_COMBO = 27804
S_HUDDLE_ADDING = 62841
S_LIST_CHANNEL = 33951
S_LOAD_CLIENT_ACCOUNT_SETTING = 36253
S_LOAD_CLIENT_USER_SETTING = 39549
S_LOAD_HINT = 63850
S_LOAD_TOPO = 23101
S_LOGIN = 42724
S_MY_DESCRIPTION = 35793
S_NPC_OCCUPIER_INFO = 26743
S_NPC_SITUATION = 40622
S_NPC_STATUS = 37864
S_NPC_TARGET_USER = 53626
S_PARTY_MARKER = 33515
S_PARTY_NOTIFY_MY_POSITION = 33596
S_PLAYER_CHANGE_ALL_PROF = 23619
S_PLAYER_CHANGE_DRAIN = 20529
S_PLAYER_CHANGE_EXP = 24771
S_PLAYER_CHANGE_FLIGHT_ENERGY = 22529
S_PLAYER_CHANGE_MP = 49763
S_PLAYER_CHANGE_PROF = 48441
S_PLAYER_CHANGE_STAMINA = 22690
S_PLAYER_STAT_UPDATE = 30375
S_PREPARE_EXIT = 39051
S_PREPARE_RETURN_TO_LOBBY = 22781
S_PREPARE_SELECT_CHANNEL = 61371
S_QUEST_VILLAGER_INFO = 31672
S_REQUEST_DEMOLIST_GUILD_TOWER_POPUP = 40904
S_RETURN_TO_LOBBY = 57348
S_SELECT_CHANNEL = 43854
S_SHOW_HP = 32685
S_SHOW_NPC_TO_MAP = 43441
S_SHOW_PCBANG_ICON = 53153
S_SHOW_PEGASUS_MAP = 50514
S_SOCIAL = 42778
S_SOCIAL_CANCEL = 26415
S_SPAWN_GAMBLE_BOX = 63868
S_SYS_PARTY_INFO = 32749
S_TELEPORT_TO_CAMP = 58610
S_UPDATE_GAMBLE_BOX_STATE = 55607
S_UPDATE_USER_AWAKEN_GRADE = 58912
S_USER_APPEARANCE_CHANGE = 26966
S_USER_CHANGE_NAME = 27590
S_USER_EFFECT = 54328
S_USER_EXTERNAL_CHANGE = 32162
S_USER_ITEMLEVEL_INFO = 32700
S_USER_LEVELUP = 26552
S_USER_SITUATION = 59488
S_USER_STATUS = 65487
S_USER_WEAPON_APPEARANCE_CHANGE = 47582
S_VILLAGE_LIST_TO_TELEPORT = 43257
S_VISIT_NEW_TEL_CAMP = 53079
S_WEAK_POINT = 32373
S_WELCOME_PET_OWNER = 23139
S_WORLD_QUEST_VILLAGER_INFO = 22576
S_AIR_REACTION_END = 22288
S_ASK_TELEPORT = 24494
S_BREAK_SHIELD = 52003
S_BREAK_SHIELD_END = 39391
S_CANNOT_START_SKILL = 44629
S_CAN_LOCKON_TARGET = 27285
S_COMBO_START = 58161
S_CONNECT_SKILL_ARROW = 42006
S_CREST_APPLY = 42410
S_CREST_ASK_DISAPPLY_ALL = 56080
S_CREST_CHANGE_FAIL = 25844
S_CREST_INFO = 48568
S_CREST_MESSAGE = 34217
S_CREST_UPGRADE_INFO = 36191
S_DECREASE_COOLTIME_SKILL = 23891
S_DEFEND_SUCCESS = 47236
S_EACH_SKILL_RESULT = 28651
S_GRANT_SKILL = 65270
S_INSTANCE_ARROW = 25806
S_INSTANT_CATCH = 47544
S_INSTANT_DASH = 40990
S_INSTANT_PULL = 22472
S_INSTANT_THROW = 54640
S_LOAD_SKILL_SCRIPT_LIST = 65283
S_LOCKON_ARROW = 55706
S_LOCKON_YOU = 46605
S_NOCTAN_VARIATION_INFO = 37975
S_NPC_AI_EVENT = 41968
S_PENDING_TRANSFORM_DATA = 42329
S_PETITION_CANCEL = 27042
S_PETITION_CHAT_BEGIN = 49727
S_PETITION_CHAT_END = 52886
S_PETITION_CHAT_GM_MESSAGE = 59952
S_PETITION_CHECK_CREATABLE = 28834
S_PETITION_CHECK_SURVEYABLE = 51719
S_PETITION_COMPLETE = 47369
S_PETITION_CREATE = 49323
S_PETITION_FORCE_CREATE = 20254
S_PETITION_INFO = 47848
S_PLAYER_CHANGE_NOCTAN_COUNT = 54022
S_POSITION_SWAP = 62289
S_PROTECT = 20826
S_PUSHED_BY_SHIELD = 62839
S_READY_PULL = 35903
S_REQUEST_REACTION_POS_TICK = 42780
S_RESET_SKILL = 63135
S_SHOW_CREST_LEARN = 38219
S_SKILL_ATTENTION_TARGET = 31198
S_SKILL_CATEGORY = 26652
S_SKILL_CHASE_EFFECT_TARGET = 62411
S_SKILL_FORGET = 20946
S_SKILL_LEARN_LIST = 29516
S_SKILL_LEARN_RESULT = 60734
S_SKILL_LIST = 27142
S_SKILL_PERIOD = 45779
S_SKILL_TARGETING_AREA = 42743
S_START_CLIENT_CUSTOM_SKILL = 44816
S_START_COOLTIME_ITEM = 35734
S_START_COOLTIME_SKILL = 44784
S_START_INVERSE_CAPTURE = 30848
S_STICK_TO_USER_END = 21878
S_STICK_TO_USER_START = 56313
S_SUCCESS_COUNTER = 32319
S_SWITCH_INFO = 20765
S_TARGET_INFO = 34194
S_UNICAST_TRANSFORM_DATA = 60965
S_VEHICLE_EX_ARROW = 30730
S_DELETE_PARCEL = 41418
S_DUNGEON_EVENT_GAGE = 27695
S_DUNGEON_GUIDE_OFF = 35328
S_DUNGEON_GUIDE_ON = 27375
S_FINDNAME = 46716
S_LIST_PARCEL = 23293
S_LIST_PARCEL_EX = 57465
S_PARCEL_READ_RECV_STATUS = 20710
S_RECV_PARCEL = 47587
S_RETURN_PARCEL = 31061
S_SEND_PARCEL = 26401
S_SEND_PARCEL_TAX = 53209
S_SET_SEND_PARCEL_ITEM = 54734
S_SET_SEND_PARCEL_MONEY = 23948
S_SHOW_PARCEL_MESSAGE = 27012
S_OPEN_AWESOMIUM_WEB_URL = 48594
S_PURCHASE_PROD = 53986
S_RESPONSE_GAMESTAT_PONG = 43744
S_SEND_USER_PLAY_TIME = 34950
S_SET_AWESOMIUM_WEB_URL = 25615
S_SHOW_AWESOMIUMWEB_SHOP = 55585
S_END_FIX_SPIRIT = 49775
S_FAIL_ENCHANT = 40244
S_FIX_SPIRIT_COMPLETE = 58795
S_FIX_SPIRIT_PROGRESS = 52021
S_REGISTER_ENCHANT_ITEM = 34894
S_REGISTER_UPGRADE_ITEM = 54049
S_RESULT_ENCHANT = 26204
S_RESULT_UPGRADE = 64422
S_START_FIX_SPIRIT = 21324
S_UNREGISTER_ENCHANT_ITEM = 27302
S_UNREGISTER_UPGRADE_ITEM = 58654
S_PK_END = 62073
S_PK_START = 53734
S_PK_TAG = 38575
S_BUY_INGAMESTORE_MONEYPRODUCT = 42536
S_COLLECTION_PICKEND = 61887
S_COLLECTION_PICKSTART = 20360
S_COLLECTION_PROGRESS = 58469
S_DELETE_ALL_PRODUCT = 61929
S_DESPAWN_COLLECTION = 42680
S_END_PRODUCT_SALE_INFO = 41592
S_END_STYLE_SHOP_MARK_PRODUCT = 61402
S_HANCOIN_AMOUNT = 39968
S_INGAMESHOP_CATEGORY_BEGIN = 40431
S_INGAMESHOP_CATEGORY_DATA = 25216
S_INGAMESHOP_CATEGORY_END = 29976
S_INGAMESHOP_PRODUCT_BEGIN = 40161
S_INGAMESHOP_PRODUCT_DATA = 33595
S_INGAMESHOP_PRODUCT_END = 40822
S_INGAMESHOP_PRODUCT_ITEMID = 65243
S_INGAMESHOP_PRODUCT_SUBPROD = 55420
S_INGAMESHOP_PRODUCT_TAG = 54644
S_REQUEST_STYLE_SHOP_MARK_PRODUCTLIST = 36891
S_REQUEST_INGAMESTORE_PRODUCT_DETAIL = 64595
S_REQUEST_INGAMESTORE_SALE_PRODUCTLIST = 47887
S_RESET_ALL_PRODUCT_MARK_EVENT = 42246
S_SPAWN_COLLECTION = 51253
S_UPDATE_STYLE_SHOP_MARK_PRODUCT = 30658
S_RIGHT_ITEM_LIST = 27119
S_USE_RIGHT_ITEM = 30861
S_CURRENT_ELECTION_STATE = 64136
S_GUARD_PK_POLICY = 61044
S_LORD_CANDIDATE_LIST = 26131
S_LORD_CANDIDATE_PLEDGE = 36012
S_LORD_GUARD_INFO = 36059
S_LORD_OPEN_CANDIDATE_WINDOW = 56239
S_LORD_OPEN_REGISTER_WINDOW = 49755
S_LORD_OPEN_VOTE_WINDOW = 60616
S_LORD_POLICY_SET = 26538
S_LORD_RANK_INFO = 24314
S_LORD_REGISTER_INFO = 59323
S_LORD_TAX_SET = 59204
S_LORD_VOTE_CANDIDATE_LIST = 33131
S_OPEN_GUARD_INFO_WINDOW = 39937
S_PET_INCUBATOR_INFO_CHANGE = 28690
S_PET_INCUBATOR_PROGRESS = 30674
S_PET_INCUBATOR_SHOW = 25581
S_REIGN_INFO = 50768
S_VOID_GUARD_INFO = 30964
S_VOTE_HISTORY = 39394
S_ADD_NEW_EVENT_MATCHING_QUEST = 39267
S_ADMIN_DELETE_QUEST = 42244
S_ASK_QUEST_SHARE = 25794
S_ATTENDANCE_EVENT_REWARD_COUNT = 48257
S_AVAILABLE_EVENT_MATCHING_LIST = 25224
S_CANCEL_QUEST_SHARE = 62680
S_CHANGE_DESTPOS_PROJECTILE = 20120
S_CHANGE_EVENT_MATCHING_STATE = 37364
S_CHANGE_LOOKS_PREMIUM_RESULT = 45538
S_CHANGE_LOOKS_PREMIUM_START = 59575
S_CHAPTERHOUSE_QUEST_LIST = 35905
S_CLEAR_QUEST_INFO = 49565
S_CLOSE_VM_SETTING_WINDOW = 50881
S_COMMIT_ACCESSORY_TRANSFORM_RESULT = 57937
S_COMPLETED_MISSION_INFO = 41096
S_COMPLETE_EVENT_MATCHING_QUEST = 58544
S_COMPLETE_LOOP_QUEST = 57193
S_COMPLETE_QUEST = 56868
S_DAILY_QUEST_COMPLETE_COUNT = 42503
S_DELETE_QUEST = 35104
S_DESPAWN_PROJECTILE = 59748
S_DUNGEON_ADDITIONAL_WORK_UI = 53330
S_DUNGEON_CAMERA_SET = 47317
S_DUNGEON_CHANGE_NPC_ANIM = 50745
S_DUNGEON_CHANGE_NPC_CYLINDER = 40290
S_DUNGEON_CONSOLE_EVENT = 26026
S_DUNGEON_EVENT_MESSAGE = 50040
S_DUNGEON_LOOK_AT_NPC = 48746
S_DUNGEON_STATUS = 29085
S_DUNGEON_TIMER = 62592
S_DUNGEON_VEHICLE_REPAIRABLE = 41101
S_EVENT_GUIDE = 45969
S_EVENT_MATCHING_BATTLEFIELD_DETAIL_INFO = 32306
S_EVENT_MATCHING_DUNGEON_DETAIL_INFO = 42931
S_EVENT_QUEST_SUMMARY = 56968
S_GET_ATTENDANCE_REWARD = 43322
S_GET_EVENT_DETAIL = 53420
S_ITEM_TRANSFORM_DATA = 48015
S_NOTIFY_QUEST_RESTART = 37378
S_NOTIFY_VM_STATUS = 59360
S_OPEN_VM_SELLBUY_WINDOW = 30984
S_OPEN_VM_SETTING_WINDOW = 60825
S_PET_ATTACKED = 49881
S_PET_DURABILITY_CHANGE = 52949
S_PET_INFO_CHANGE = 31645
S_PET_INFO_CLEAR = 33605
S_PET_MANAGER_SHOW = 64706
S_PET_STOP_ALERT = 39967
S_QUEST_BALLOON = 57216
S_QUEST_INFO = 56781
S_REMOVE_EVENT_MATCHING_QUEST = 22896
S_RESPONSE_ACCESSORY_COST_INFO = 25737
S_SELECT_EVENT_MATCHING = 30892
S_SEND_QUEST_ITEM_INFO = 30898
S_SPAWN_PROJECTILE = 34233
S_SPAWN_REMOTE_PROJECTILE = 57294
S_START_USER_PROJECTILE = 64663
S_START_VM_BUY = 54232
S_START_VM_SELL = 61184
S_STOP_VM = 20232
S_TASK_INFO_GUARD = 49477
S_TOGGLE_TASK_INFO_WINDOW = 58371
S_UPDATE_EVENT_MATCHING_BONUS_INFO = 65166
S_UPDATE_QUEST = 38738
S_UPDATE_VM_SELLBUY_WINDOW = 60788
S_UPDATE_VM_SETTING_WINDOW = 23821
S_UPDATE_VM_STATUS = 42197
S_USER_CHANGE_FACE_CUSTOM = 45242
S_VIEW_VM_SETTING_WINDOW = 63024
S_VM_BUY_BASKET_INFO = 32697
S_VM_SELL_BASKET_INFO = 64007
S_BROADCAST_CLIMBING = 28260
S_CANT_FLY_ANYMORE = 48854
S_DUEL_END = 48249
S_DUEL_START = 51311
S_DUEL_TAG = 51152
S_DUEL_TIME = 35816
S_END_DRIVE_AIRSHIP = 37459
S_END_FIX_VEHICLE = 31332
S_END_PEGASUS = 40137
S_FEARMOVE_END = 27490
S_FEARMOVE_STAGE = 50566
S_FIX_VEHICLE_COMPLETE = 21473
S_FIX_VEHICLE_PROGRESS = 25778
S_GROUP_NPC_LOCATION = 46993
S_LOAD_TELEPORT_TO_POS_LIST = 30015
S_MOUNT_VEHICLE = 52681
S_MOUNT_VEHICLE_EX = 30819
S_MOVE_DISTANCE_DELTA = 25110
S_PLAYER_VEHICLE_EX_STAT_UPDATE = 52552
S_SET_POS = 52279
S_SHOW_CHANGE_CHARACTER_UI = 63438
S_START_CLIMBING = 58924
S_START_DRIVE_AIRSHIP = 28070
S_START_FIX_VEHICLE = 34904
S_START_PEGASUS = 61199
S_SYNC_PEGASUS_TIME = 44268
S_UNMOUNT_VEHICLE = 25934
S_UNMOUNT_VEHICLE_EX = 40536
S_USER_AIM = 35072
S_USER_AIM_TO = 64325
S_USER_FLYING_LOCATION = 24594
S_USER_LOCATION_IN_ACTION = 51037
S_USER_MOVETYPE = 53105
S_PVE_LEADER_BOARD_INFO = 61689
S_PVE_RANKING_LIST = 64321
S_PVP_LEADER_BOARD_INFO = 29883
S_PVP_RANKING_LIST = 55430
S_USER_PVE_RANKING = 42258
S_USER_PVP_RANKING = 38636
S_ADD_GUILD_GROUP = 60892
S_ADD_GUILD_MEMBER = 37867
S_ADD_INTER_PARTY_MATCH_POOL = 37469
S_ADMIN_VIP_TEST = 36951
S_ASK_INTER_PARTY_MAKE = 24862
S_BONFIRE_CHARM_ADDED = 50937
S_BONFIRE_CHARM_BURNED = 55014
S_BONFIRE_STATUS = 47094
S_BROADCAST_FLOATING_CASTLE_INFO = 24523
S_BROADCAST_FLOATING_CASTLE_NAMEPLATE = 59638
S_BROCAST_GUILD_FLAG = 23566
S_BROCAST_UPDATE_GUILD_FLAG = 57090
S_BUY_VIP_STORE_ITEM_SUCCESS = 23503
S_CANCEL_PARTY_MATCH_POOL = 28014
S_CAN_DUNGEON_RETRY = 52328
S_CHANGE_GUILD_CHIEF = 51416
S_CHECK_NEW_GUILDNAME = 32109
S_CREATE_GUILD_RESULT = 26372
S_DEL_INTER_PARTY_MATCH_POOL = 34816
S_DESPAWN_BONFIRE = 42948
S_DESTROY_GUILD = 58956
S_DUNGEON_CLEAR = 24683
S_DUNGEON_UI_HIGHLIGHT = 47164
S_DUNGEON_WORK_ENTER = 23102
S_DUNGEON_WORK_LIST = 22139
S_DUNGEON_WORK_RESULT = 20658
S_DUNGEON_WORK_UPDATE = 42370
S_DUNGEON_WORK_UPDATE_MEDAL_COUNT = 24231
S_EMPTY_GUILD_WINDOW = 26481
S_FAIL_GUILD_QUEST = 33985
S_FINISH_GUILD_QUEST = 23724
S_FIN_INTER_PARTY_MATCH = 61407
S_FLOATING_CASTLE_PARTS_STORE_BASKET = 28363
S_FLOATING_CASTLE_PARTS_STORE_SELL_LIST = 55497
S_GUILD_ACCOUNT_LIMIT_INFO_CHANGED = 45376
S_GUILD_ANNOUNCE = 60361
S_GUILD_APPLY_COUNT = 55140
S_GUILD_APPLY_LIST = 63258
S_GUILD_EMBLEM = 27654
S_GUILD_HISTORY = 54774
S_GUILD_INFO = 37668
S_GUILD_LEVEL_INFO_CHANGED = 51313
S_GUILD_MEMBER_LIST = 37149
S_GUILD_MONEY_INFO_CHANGED = 49035
S_GUILD_NAME = 34050
S_GUILD_PERK_LIST = 58862
S_GUILD_POINT_INFO_CHANGED = 22033
S_GUILD_QUEST_LIST = 64001
S_GUILD_WARE_HISTORY = 55764
S_IMAGE_DATA = 56014
S_LEAVE_GUILD = 29982
S_MODIFY_INTER_PARTY_MATCH_POOL = 58356
S_NPC_PARTIAL_DESTRUCT = 38817
S_NPC_PART_BLINK = 29768
S_NPC_PART_BREAK_ACTIVE = 34953
S_OPEN_FLOATING_CASTLE_STORE = 52468
S_OPEN_GUILD_FLAG_WINDOW = 46537
S_OPEN_GUILD_LOGO_WINDOW = 56747
S_PREVIEW_ITEM = 42821
S_REMOVE_GUILD_GROUP = 43825
S_REMOVE_GUILD_MEMBER = 32161
S_REPLY_GUILD_LIST = 44036
S_REQUEST_COOLTIME_TO_JOIN_GUILD = 51345
S_REQUEST_DUNGEON_MATCHING_UI = 37554
S_REQUEST_FLOATING_CASTLE_PARTS_COOL_TIME = 23304
S_REQUEST_GUILD_FLAG_IMAGE_DATA = 65099
S_REQUEST_GUILD_INFO_BEFORE_APPLY_GUILD = 46257
S_REQUEST_JOIN_GUILD_NOTICE = 29560
S_REQUEST_RENEW_ALL_PARTS_ITEM = 62049
S_RESET_GUILD_PERK = 27988
S_RESULT_LEARN_GUILD_PERK = 27158
S_SCENARIO_DUNGEON_UI = 33075
S_SEND_VIP_SYSTEM_INFO = 24900
S_SET_GUILD_JOIN_CONDITION = 43651
S_SHOW_DUNGEON_RETRY_UI = 50237
S_SHOW_GUILD_QUEST_LIST = 22224
S_SPAWN_BONFIRE = 40509
S_START_GUILD_QUEST = 28539
S_TRADE_BROKER_BOUGHT_ITEM_LIST = 58282
S_TRADE_BROKER_BUY_IT_NOW = 36519
S_TRADE_BROKER_CALC_NOTIFY = 32013
S_TRADE_BROKER_DEAL_INFO_UPDATE = 39282
S_TRADE_BROKER_DEAL_SUGGESTED = 28205
S_TRADE_BROKER_HIGHEST_ITEM_LEVEL = 39104
S_TRADE_BROKER_HISTORY_ITEM_LIST = 47414
S_TRADE_BROKER_INPUT_PRICE = 41685
S_TRADE_BROKER_REGISTERED_ITEM_LIST = 58768
S_TRADE_BROKER_REQUEST_DEAL_RESULT = 23409
S_TRADE_BROKER_SOLD_ITEM_LIST = 55772
S_TRADE_BROKER_SUGGEST_DEAL = 21556
S_TRADE_BROKER_WAITING_ITEM_LIST = 34215
S_UNICAST_FLOATING_CASTLE_INFO = 43694
S_UNICAST_FLOATING_CASTLE_NAMEPLATE = 51196
S_UPDATE_GUILD_ANNOUNCE = 63534
S_UPDATE_GUILD_FLAG = 30603
S_UPDATE_GUILD_GROUP = 64324
S_UPDATE_GUILD_MEMBER = 64072
S_UPDATE_GUILD_QUEST_STATUS = 56305
S_VIEW_INTER_PARTY_MATCH_DUNGOEN_LIST = 59864
S_VIP_STORE_ITEM_LIST = 33808
S_CHAT_REPORT = 45656
S_DESPAWN_EVENT_SEED = 45735
S_DUNGEON_VISIBLE_BG = 58817
S_EVENT_INFO = 38157
S_ITEM_COLORING_BAG = 35497
S_PARCEL_REPORT = 22459
S_RESULT_EVENT_SEED = 22858
S_RESULT_ITEM_COLORING = 28640
S_SPAWN_EVENT_SEED = 59451
S_UPDATE_EVENT_SEED_STATE = 59269
S_USER_REPORT = 22246
S_BOARD_ITEM_LIST = 61835
S_OPEN_BOARD = 29853
S_REQUEST_WRITE_BOARD_RESULT = 31753
S_STR_EVALUATE_LIST = 23763
S_ARTISAN_RECIPE_LIST = 36391
S_ARTISAN_SKILL_LIST = 30812
S_CHANGE_EP_EXP_DAILY_LIMIT = 45944
S_CHANGE_EP_POINT = 22280
S_DECOMPOSE_REGISTERED_ITEM = 46637
S_DUNGEON_CLEAR_COUNT_LIST = 35892
S_DUNGEON_COOL_TIME_LIST = 62542
S_EP_SYSTEM_DAILY_EVENT_EXP_ON_OFF = 22744
S_FATIGABILITY_POINT = 46135
S_ITEM_DECOMPOSE = 62684
S_LEARN_EP_PERK = 31504
S_LOAD_EP_INFO = 21340
S_NPCGUILD_LIST = 47367
S_OPEN_EPPERK_RESET_POPUP = 47388
S_PLAYER_CHANGE_EP = 63928
S_PLAYER_RESET_EP = 53863
S_PLAYTIME = 51761
S_PLAYTIME_EVENT_END = 25943
S_PLAYTIME_EVENT_REWARD_DATA = 65254
S_PRODUCE_CRITICAL = 56087
S_PROMOTION_INFO = 47274
S_PROMOTION_PROCESS = 21835
S_PROMOTION_SUCCESS = 42627
S_RESET_EP_PERK = 34835
S_SEND_CHANGE_REPUTATION_EXP = 57528
S_SEND_CHANGE_REPUTATION_POINT = 31484
S_SET_RECIPE_BOOKMARK = 47217
S_SHOW_ARTISAN_MENU = 58294
S_SHOW_USER_EP_INFO = 61760
S_START_PRODUCE = 53371
S_UPDATE_NPCGUILD = 56433
S_UPDATE_PRODUCE = 64695
S_VIEW_BATTLE_FIELD_RESULT = 32029
S_ANSWER_INTERACTIVE = 34009
S_CANNOT_USE_CHAT_CHANNEL = 51213
S_CHAT = 52947
S_COMMAND_HELP = 22779
S_COUNTDOWN_GROUP_DUEL = 55897
S_END_CHAT_BAN = 52470
S_GROUP_DUEL_FIN = 24538
S_GROUP_DUEL_INIT = 30570
S_GROUP_DUEL_RECORD = 41514
S_ITEMSYNTHESIZER_MATERIAL = 60274
S_ITEMSYNTHESIZER_RESULT = 25682
S_JOIN_PRIVATE_CHANNEL = 41686
S_LEAVE_PRIVATE_CHANNEL = 34967
S_MUTE = 33767
S_ONGOING_HUNTING_EVENT_LIST = 31181
S_ONGOING_LEVEL_EVENT_LIST = 50454
S_PRIVATE_CHANNEL_NOTICE = 64563
S_PRIVATE_CHAT = 23524
S_REQUEST_JOINED_CHANNEL_LIST = 52022
S_REQUEST_PRIVATE_CHANNEL_INFO = 54732
S_START_CHAT_BAN = 24034
S_START_CHAT_BAN_INFINITY = 37727
S_WHISPER = 32914
S_PREMIUM_SLOT_DATALIST = 34280
S_PREMIUM_SLOT_OFF = 26482
S_ANNOUNCE_UPDATE_NOTIFICATION = 65276
S_ASK_CODE_HASH = 54684
S_COUPON_DATA = 41089
S_COUPON_LIST = 43863
S_COUPON_NOTIFY = 40995
S_FESTIVAL_LIST = 57281
S_FONT_SWAP_INFO = 63598
S_FREENAMED_STATUS = 46469
S_REPLY_RET_VILLAGE_INFO = 53721
S_RESULT_DECOMPOSITION = 33263
S_SET_NEW_TERA_USER = 60591
S_SHORTCUT_CHANGE = 57341
S_STYLE_SHOP_BUY_TCAT_ITEM = 65101
S_SUCCESS_STYLE_SHOP_BUY_REPUTATION_ITEM = 36186
S_USE_COUPON = 40939
S_VILLAGER_BUFF_INFO = 31865
S_WATCHED_MOVIES = 21805
S_CHECK_TO_DECLARE_GUILD_WAR = 25245
S_CHECK_TO_OPPOSITE_DECLARE_GUILD_WAR = 47716
S_GUILD_WAR_PENALTY_INFO = 32981
S_NOTIFY_GUILD_WAR_INFO = 27845
S_NOTIFY_GUILD_WAR_STATUS_CHANGE = 50178
S_OPEN_GUILD_WAR_WINDOW = 49531
S_START_GUILD_WAR = 52076
S_TOTAL_GUILD_WAR_DATA = 31528
S_VIEW_GUILD_WAR = 32935
S_ACCEPT_CONTRACT = 61924
S_ADD_TRADE_BAG = 50612
S_ASK_EXPAND_INVEN_SIZE = 63525
S_BATTLE_FIELD_POINT_STORE_BASKET = 58503
S_BATTLE_FIELD_POINT_STORE_SELL_LIST = 23377
S_BEGIN_THROUGH_ARBITER_CONTRACT = 29500
S_CANCEL_CONTRACT = 54352
S_CANNOT_EQUIP_SAMEKIND = 45035
S_CHANGE_ITEM_PASSIVE_LIST = 64373
S_CLIENT_COMMAND = 44466
S_DEL_TRADE_BAG = 51627
S_DUNGEON_WORK_POINT_STORE_BASKET = 21537
S_DUNGEON_WORK_POINT_STORE_SELL_LIST = 28137
S_ENCHANT_SCROLL_RESULT = 52761
S_END_THROUGH_ARBITER_CONTRACT = 46222
S_GET_WARE_ITEM = 35040
S_GROUP_DUEL_CURRENT_BETTING_ITEM = 62431
S_GUILD_STORE_BASKET = 31656
S_GUILD_STORE_SELL_LIST = 26013
S_INVEN = 22293
S_INVEN_CHANGEDSLOT = 60167
S_MAIN_MENU_COMMAND = 39631
S_MEDAL_STORE_BASKET = 59084
S_MEDAL_STORE_SELL_LIST = 62669
S_NEED_WAREHOUSE_COMMISION = 59689
S_POINT_STORE_BASKET = 57832
S_POINT_STORE_SELL_LIST = 51935
S_POLITICS_POINT_STORE_BASKET = 37156
S_POLITICS_POINT_STORE_SELL_LIST = 57848
S_PUT_WARE_ITEM = 61979
S_REJECT_CONTRACT = 29020
S_REPLY_NONDB_ITEM_INFO = 53141
S_REPLY_REQUEST_CONTRACT = 50432
S_REQUEST_CONTRACT = 54479
S_SHOW_ITEM_TOOLTIP = 42862
S_SHOW_TRADE_ITEM = 44431
S_SHOW_TRADE_LOG = 23236
S_STEER_DEBUG_COMMAND = 64822
S_STORE_BASKET = 38762
S_STORE_SELL_LIST = 48048
S_TIMEOVER_CONTRACT = 21883
S_TRADE_ACCEPT = 58791
S_TRADE_BAG_CLOSE = 39895
S_TRADE_BAG_DONE = 62500
S_TRADE_BOX = 45409
S_TRADE_MESSAGE = 36774
S_USER_ITEM_EQUIP_CHANGER = 54432
S_VIEW_WARE = 23316
S_VIEW_WARE_EX = 21373
S_ABNORMALITY_BEGIN = 63616
S_ABNORMALITY_DAMAGE_ABSORB = 33437
S_ABNORMALITY_END = 25335
S_ABNORMALITY_EXTRA = 49442
S_ABNORMALITY_FAIL = 40177
S_ABNORMALITY_REFRESH = 25644
S_ABNORMALITY_RESIST = 34276
S_ABNORMALITY_SCALE_UP = 63026
S_ACCOUNT_PACKAGE_LIST = 64788
S_ACTIVATE_BATTLE_FIELD_CHAT_BAN = 28999
S_ADMIN_GET_DUNGEON_USER_LIST = 58450
S_ADMIN_GET_USER_INFO_LIST_BY_DISTANCE = 23408
S_ADMIN_WARNING_MESSAGE = 57229
S_ADMIN_NOTICE = 61920
S_ADMIN_PRIVILEGE = 38508
S_ANNOUNCE_MESSAGE = 63330
S_ASK_BANNING_PARTY_MEMBER = 64181
S_ASK_BIDDING_RARE_ITEM = 46680
S_BAN_PARTY = 22174
S_BAN_PARTY_MEMBER = 23723
S_BATTLE_FIELD_CHAT_BAN_INFO = 43116
S_CANCEL_DELETE_USER = 57891
S_CANCEL_PARTY_LOOTING_METHOD_VOTE = 28464
S_CANCEL_PARTY_MEMBER_BAN = 65249
S_CANCEL_VOTE_DISMISS_PARTY = 60806
S_CANCEL_VOTE_RESET_ALL_DUNGEON = 47447
S_CAN_CREATE_USER = 23329
S_CHANGE_CHARACTER = 52512
S_CHANGE_PARTY_MANAGER = 61585
S_CHANGE_PARTY_MEMBER_AUTHORITY = 29720
S_CHANGE_USER_NAME_RESULT = 46899
S_CHECK_EVENT_SYSTEM_REWARD = 30320
S_CHECK_TO_READY_PARTY = 47349
S_CHECK_TO_READY_PARTY_FIN = 22823
S_CHECK_USERNAME = 28488
S_CLEAR_ALL_HOLDED_ABNORMALITY = 38702
S_COMPLETE_VOTE = 40623
S_CREATE_USER = 36955
S_CUSTOM_MESSAGE = 34548
S_DELETE_USER = 37315
S_DISTRIBUTOR_DATA = 30941
S_EVENT_DIALOG = 59060
S_GET_USER_GUILD_LOGO = 51786
S_GET_USER_LIST = 40986
S_HOLD_ABNORMALITY_ADD = 63262
S_HOLD_ABNORMALITY_REMOVE = 41805
S_INTEREST_INFO = 64569
S_INVALID_BUILD_VERSION = 43085
S_LEAVE_PARTY = 31615
S_LEAVE_PARTY_MEMBER = 55745
S_LOADING_SCREEN_CONTROL_INFO = 32826
S_LOGIN_ACCOUNT_INFO = 30151
S_LOGIN_ARBITER = 22561
S_LOGOUT_PARTY_MEMBER = 33664
S_MERGE_PARTY_TO_RAID = 20293
S_NAME_PREEMPTION_EVENT_INFO = 34306
S_NEW_GOLD_RACE_INFO = 60235
S_NOTIFY_BATTLE_FIELD_CHAT_BAN = 60421
S_OP_COMMAND = 53293
S_PARTY_INFO = 59905
S_PARTY_LOOTING_METHOD = 61791
S_PARTY_LOOTING_METHOD_VOTE = 36997
S_PARTY_MEMBER_ABNORMAL_ADD = 45436
S_PARTY_MEMBER_ABNORMAL_CLEAR = 51238
S_PARTY_MEMBER_ABNORMAL_DEL = 50090
S_PARTY_MEMBER_ABNORMAL_REFRESH = 53220
S_PARTY_MEMBER_BUFF_UPDATE = 60412
S_PARTY_MEMBER_CHANGE_HP = 58351
S_PARTY_MEMBER_CHANGE_MP = 29637
S_PARTY_MEMBER_CHANGE_STAMINA = 26475
S_PARTY_MEMBER_INTERVAL_POS_UPDATE = 41746
S_PARTY_MEMBER_LIST = 22828
S_PARTY_MEMBER_QUEST_DATA = 37035
S_PARTY_MEMBER_STAT_UPDATE = 41599
S_PING = 21902
S_PLAY_MOVIE = 31137
S_PLAY_TIME = 48290
S_QA_SET_ADMIN_LEVEL = 57396
S_REMAIN_PLAY_TIME = 43087
S_REQUEST_NAME_PREEMPTION = 32803
S_REQUEST_SECOND_PASSWORD_AUTH = 45968
S_REQUEST_SECOND_PASSWORD_REGISTER = 32504
S_REQUEST_UPDATE_CUSTOM_USER_CUSTOMIZING = 28958
S_RESULT_BATTLE_FIELD_CHAT_BAN = 42242
S_RESULT_BIDDING_DICE_THROW = 56798
S_RESULT_ITEM_BIDDING = 21445
S_SECOND_PASSWORD_AUTH_RESULT = 45683
S_SECOND_PASSWORD_REGISTER_RESULT = 28259
S_SELECT_USER = 47059
S_SERVER_TIME = 33500
S_SET_ITEM_BIDDING_FLAG = 58558
S_SHOW_DEAD_UI = 44261
S_SHOW_REVIVE_UI = 62141
S_SYSTEM_MESSAGE_CUSTOM = 53900
S_SYSTEM_MESSAGE_LOOT_ITEM = 59357
S_SYSTEM_MESSAGE_LOOT_SPECIAL_ITEM = 28522
S_SYSTEM_REWARD_MESSAGE = 30704
S_UPDATE_BIDDING_COUNT = 38540
S_UPDATE_EVENT_SYSTEM = 59548
S_UPDATE_PARTY_MEMBER_QUEST_DATA = 20317
S_VERSION_INFO = 44573
S_VIEW_PARTY_INVITE = 32965
S_VOTE_DISMISS_PARTY = 58757
S_VOTE_RESET_ALL_DUNGEON = 54711
S_WAITING_LIST = 20543
S_MY_PARTY_MATCH_INFO = 25129
S_OTHER_USER_APPLY_PARTY = 52302
S_PARTY_MATCH_LINK = 64344
S_PARTY_MEMBER_INFO = 29692
S_REQUEST_CHANGE_PARTY_MATCH_RULE = 26655
S_SHOW_CANDIDATE_LIST = 38747
S_SHOW_PARTY_MATCH_INFO = 24369
S_UPDATE_CONTENTS_ON_OFF = 62851
